Component: ARM Compiler 5.06 update 7 (build 960) Tool: armlink [4d3601]

==============================================================================

Section Cross References

    startup_stm32f40_41xxx.o(RESET) refers to startup_stm32f40_41xxx.o(STACK) for __initial_sp
    startup_stm32f40_41xxx.o(RESET) refers to startup_stm32f40_41xxx.o(.text) for Reset_Handler
    startup_stm32f40_41xxx.o(RESET) refers to stm32f4xx_it.o(i.NMI_Handler) for NMI_Handler
    startup_stm32f40_41xxx.o(RESET) refers to stm32f4xx_it.o(i.HardFault_Handler) for HardFault_Handler
    startup_stm32f40_41xxx.o(RESET) refers to stm32f4xx_it.o(i.MemManage_Handler) for MemManage_Handler
    startup_stm32f40_41xxx.o(RESET) refers to stm32f4xx_it.o(i.BusFault_Handler) for BusFault_Handler
    startup_stm32f40_41xxx.o(RESET) refers to stm32f4xx_it.o(i.UsageFault_Handler) for UsageFault_Handler
    startup_stm32f40_41xxx.o(RESET) refers to stm32f4xx_it.o(i.SVC_Handler) for SVC_Handler
    startup_stm32f40_41xxx.o(RESET) refers to stm32f4xx_it.o(i.DebugMon_Handler) for DebugMon_Handler
    startup_stm32f40_41xxx.o(RESET) refers to stm32f4xx_it.o(i.PendSV_Handler) for PendSV_Handler
    startup_stm32f40_41xxx.o(RESET) refers to stm32f4xx_it.o(i.SysTick_Handler) for SysTick_Handler
    startup_stm32f40_41xxx.o(RESET) refers to tim.o(i.TIM3_IRQHandler) for TIM3_IRQHandler
    startup_stm32f40_41xxx.o(.text) refers to system_stm32f4xx.o(i.SystemInit) for SystemInit
    startup_stm32f40_41xxx.o(.text) refers to entry.o(.ARM.Collect$$$$00000000) for __main
    stm32f4xx_adc.o(i.ADC_DeInit) refers to stm32f4xx_rcc.o(i.RCC_APB2PeriphResetCmd) for RCC_APB2PeriphResetCmd
    stm32f4xx_can.o(i.CAN_DeInit) refers to stm32f4xx_rcc.o(i.RCC_APB1PeriphResetCmd) for RCC_APB1PeriphResetCmd
    stm32f4xx_can.o(i.CAN_GetITStatus) refers to stm32f4xx_can.o(i.CheckITStatus) for CheckITStatus
    stm32f4xx_cryp.o(i.CRYP_DeInit) refers to stm32f4xx_rcc.o(i.RCC_AHB2PeriphResetCmd) for RCC_AHB2PeriphResetCmd
    stm32f4xx_cryp_aes.o(i.CRYP_AES_CBC) refers to stm32f4xx_cryp.o(i.CRYP_KeyStructInit) for CRYP_KeyStructInit
    stm32f4xx_cryp_aes.o(i.CRYP_AES_CBC) refers to stm32f4xx_cryp.o(i.CRYP_FIFOFlush) for CRYP_FIFOFlush
    stm32f4xx_cryp_aes.o(i.CRYP_AES_CBC) refers to stm32f4xx_cryp.o(i.CRYP_Init) for CRYP_Init
    stm32f4xx_cryp_aes.o(i.CRYP_AES_CBC) refers to stm32f4xx_cryp.o(i.CRYP_KeyInit) for CRYP_KeyInit
    stm32f4xx_cryp_aes.o(i.CRYP_AES_CBC) refers to stm32f4xx_cryp.o(i.CRYP_Cmd) for CRYP_Cmd
    stm32f4xx_cryp_aes.o(i.CRYP_AES_CBC) refers to stm32f4xx_cryp.o(i.CRYP_GetFlagStatus) for CRYP_GetFlagStatus
    stm32f4xx_cryp_aes.o(i.CRYP_AES_CBC) refers to stm32f4xx_cryp.o(i.CRYP_IVInit) for CRYP_IVInit
    stm32f4xx_cryp_aes.o(i.CRYP_AES_CBC) refers to stm32f4xx_cryp.o(i.CRYP_GetCmdStatus) for CRYP_GetCmdStatus
    stm32f4xx_cryp_aes.o(i.CRYP_AES_CBC) refers to stm32f4xx_cryp.o(i.CRYP_DataIn) for CRYP_DataIn
    stm32f4xx_cryp_aes.o(i.CRYP_AES_CBC) refers to stm32f4xx_cryp.o(i.CRYP_DataOut) for CRYP_DataOut
    stm32f4xx_cryp_aes.o(i.CRYP_AES_CCM) refers to stm32f4xx_cryp.o(i.CRYP_KeyStructInit) for CRYP_KeyStructInit
    stm32f4xx_cryp_aes.o(i.CRYP_AES_CCM) refers to stm32f4xx_cryp.o(i.CRYP_FIFOFlush) for CRYP_FIFOFlush
    stm32f4xx_cryp_aes.o(i.CRYP_AES_CCM) refers to stm32f4xx_cryp.o(i.CRYP_KeyInit) for CRYP_KeyInit
    stm32f4xx_cryp_aes.o(i.CRYP_AES_CCM) refers to stm32f4xx_cryp.o(i.CRYP_IVInit) for CRYP_IVInit
    stm32f4xx_cryp_aes.o(i.CRYP_AES_CCM) refers to stm32f4xx_cryp.o(i.CRYP_Init) for CRYP_Init
    stm32f4xx_cryp_aes.o(i.CRYP_AES_CCM) refers to stm32f4xx_cryp.o(i.CRYP_PhaseConfig) for CRYP_PhaseConfig
    stm32f4xx_cryp_aes.o(i.CRYP_AES_CCM) refers to stm32f4xx_cryp.o(i.CRYP_DataIn) for CRYP_DataIn
    stm32f4xx_cryp_aes.o(i.CRYP_AES_CCM) refers to stm32f4xx_cryp.o(i.CRYP_Cmd) for CRYP_Cmd
    stm32f4xx_cryp_aes.o(i.CRYP_AES_CCM) refers to stm32f4xx_cryp.o(i.CRYP_GetCmdStatus) for CRYP_GetCmdStatus
    stm32f4xx_cryp_aes.o(i.CRYP_AES_CCM) refers to stm32f4xx_cryp.o(i.CRYP_GetFlagStatus) for CRYP_GetFlagStatus
    stm32f4xx_cryp_aes.o(i.CRYP_AES_CCM) refers to stm32f4xx_cryp.o(i.CRYP_DataOut) for CRYP_DataOut
    stm32f4xx_cryp_aes.o(i.CRYP_AES_CTR) refers to stm32f4xx_cryp.o(i.CRYP_KeyStructInit) for CRYP_KeyStructInit
    stm32f4xx_cryp_aes.o(i.CRYP_AES_CTR) refers to stm32f4xx_cryp.o(i.CRYP_KeyInit) for CRYP_KeyInit
    stm32f4xx_cryp_aes.o(i.CRYP_AES_CTR) refers to stm32f4xx_cryp.o(i.CRYP_Init) for CRYP_Init
    stm32f4xx_cryp_aes.o(i.CRYP_AES_CTR) refers to stm32f4xx_cryp.o(i.CRYP_IVInit) for CRYP_IVInit
    stm32f4xx_cryp_aes.o(i.CRYP_AES_CTR) refers to stm32f4xx_cryp.o(i.CRYP_FIFOFlush) for CRYP_FIFOFlush
    stm32f4xx_cryp_aes.o(i.CRYP_AES_CTR) refers to stm32f4xx_cryp.o(i.CRYP_Cmd) for CRYP_Cmd
    stm32f4xx_cryp_aes.o(i.CRYP_AES_CTR) refers to stm32f4xx_cryp.o(i.CRYP_GetCmdStatus) for CRYP_GetCmdStatus
[...]
    Removing stm32f4xx_tim.o(i.TIM_ETRClockMode1Config), (54 bytes).
    Removing stm32f4xx_tim.o(i.TIM_ETRClockMode2Config), (32 bytes).
    Removing stm32f4xx_tim.o(i.TIM_ETRConfig), (28 bytes).
    Removing stm32f4xx_tim.o(i.TIM_EncoderInterfaceConfig), (66 bytes).
    Removing stm32f4xx_tim.o(i.TIM_ForcedOC1Config), (18 bytes).
    Removing stm32f4xx_tim.o(i.TIM_ForcedOC2Config), (26 bytes).
    Removing stm32f4xx_tim.o(i.TIM_ForcedOC3Config), (18 bytes).
    Removing stm32f4xx_tim.o(i.TIM_ForcedOC4Config), (26 bytes).
    Removing stm32f4xx_tim.o(i.TIM_GenerateEvent), (4 bytes).
    Removing stm32f4xx_tim.o(i.TIM_GetCapture1), (6 bytes).
    Removing stm32f4xx_tim.o(i.TIM_GetCapture2), (6 bytes).
    Removing stm32f4xx_tim.o(i.TIM_GetCapture3), (6 bytes).
    Removing stm32f4xx_tim.o(i.TIM_GetCapture4), (6 bytes).
    Removing stm32f4xx_tim.o(i.TIM_GetCounter), (6 bytes).
    Removing stm32f4xx_tim.o(i.TIM_GetFlagStatus), (18 bytes).
    Removing stm32f4xx_tim.o(i.TIM_GetPrescaler), (6 bytes).
    Removing stm32f4xx_tim.o(i.TIM_ICInit), (110 bytes).
    Removing stm32f4xx_tim.o(i.TIM_ICStructInit), (18 bytes).
    Removing stm32f4xx_tim.o(i.TIM_ITRxExternalClockConfig), (24 bytes).
    Removing stm32f4xx_tim.o(i.TIM_InternalClockConfig), (12 bytes).
    Removing stm32f4xx_tim.o(i.TIM_OC1FastConfig), (18 bytes).
    Removing stm32f4xx_tim.o(i.TIM_OC1Init), (124 bytes).
    Removing stm32f4xx_tim.o(i.TIM_OC1NPolarityConfig), (18 bytes).
    Removing stm32f4xx_tim.o(i.TIM_OC1PolarityConfig), (18 bytes).
    Removing stm32f4xx_tim.o(i.TIM_OC1PreloadConfig), (18 bytes).
    Removing stm32f4xx_tim.o(i.TIM_OC2FastConfig), (26 bytes).
    Removing stm32f4xx_tim.o(i.TIM_OC2Init), (164 bytes).
    Removing stm32f4xx_tim.o(i.TIM_OC2NPolarityConfig), (26 bytes).
    Removing stm32f4xx_tim.o(i.TIM_OC2PolarityConfig), (26 bytes).
    Removing stm32f4xx_tim.o(i.TIM_OC2PreloadConfig), (26 bytes).
    Removing stm32f4xx_tim.o(i.TIM_OC3FastConfig), (18 bytes).
    Removing stm32f4xx_tim.o(i.TIM_OC3Init), (160 bytes).
    Removing stm32f4xx_tim.o(i.TIM_OC3NPolarityConfig), (26 bytes).
    Removing stm32f4xx_tim.o(i.TIM_OC3PolarityConfig), (26 bytes).
    Removing stm32f4xx_tim.o(i.TIM_OC3PreloadConfig), (18 bytes).
    Removing stm32f4xx_tim.o(i.TIM_OC4FastConfig), (26 bytes).
    Removing stm32f4xx_tim.o(i.TIM_OC4Init), (120 bytes).
    Removing stm32f4xx_tim.o(i.TIM_OC4PolarityConfig), (26 bytes).
    Removing stm32f4xx_tim.o(i.TIM_OC4PreloadConfig), (26 bytes).
    Removing stm32f4xx_tim.o(i.TIM_OCStructInit), (20 bytes).
    Removing stm32f4xx_tim.o(i.TIM_PWMIConfig), (124 bytes).
    Removing stm32f4xx_tim.o(i.TIM_PrescalerConfig), (6 bytes).
    Removing stm32f4xx_tim.o(i.TIM_RemapConfig), (6 bytes).
    Removing stm32f4xx_tim.o(i.TIM_SelectCCDMA), (24 bytes).
    Removing stm32f4xx_tim.o(i.TIM_SelectCOM), (24 bytes).
    Removing stm32f4xx_tim.o(i.TIM_SelectHallSensor), (24 bytes).
    Removing stm32f4xx_tim.o(i.TIM_SelectInputTrigger), (18 bytes).
    Removing stm32f4xx_tim.o(i.TIM_SelectMasterSlaveMode), (18 bytes).
    Removing stm32f4xx_tim.o(i.TIM_SelectOCxM), (86 bytes).
    Removing stm32f4xx_tim.o(i.TIM_SelectOnePulseMode), (18 bytes).
    Removing stm32f4xx_tim.o(i.TIM_SelectOutputTrigger), (18 bytes).
    Removing stm32f4xx_tim.o(i.TIM_SelectSlaveMode), (18 bytes).
    Removing stm32f4xx_tim.o(i.TIM_SetAutoreload), (4 bytes).
    Removing stm32f4xx_tim.o(i.TIM_SetClockDivision), (18 bytes).
    Removing stm32f4xx_tim.o(i.TIM_SetCompare1), (4 bytes).
    Removing stm32f4xx_tim.o(i.TIM_SetCompare2), (4 bytes).
    Removing stm32f4xx_tim.o(i.TIM_SetCompare3), (4 bytes).
    Removing stm32f4xx_tim.o(i.TIM_SetCompare4), (4 bytes).
    Removing stm32f4xx_tim.o(i.TIM_SetCounter), (4 bytes).
    Removing stm32f4xx_tim.o(i.TIM_SetIC1Prescaler), (18 bytes).
    Removing stm32f4xx_tim.o(i.TIM_SetIC2Prescaler), (26 bytes).
    Removing stm32f4xx_tim.o(i.TIM_SetIC3Prescaler), (18 bytes).
    Removing stm32f4xx_tim.o(i.TIM_SetIC4Prescaler), (26 bytes).
    Removing stm32f4xx_tim.o(i.TIM_TIxExternalClockConfig), (62 bytes).
    Removing stm32f4xx_tim.o(i.TIM_TimeBaseStructInit), (18 bytes).
    Removing stm32f4xx_tim.o(i.TIM_UpdateDisableConfig), (24 bytes).
    Removing stm32f4xx_tim.o(i.TIM_UpdateRequestConfig), (24 bytes).
    Removing stm32f4xx_usart.o(.rev16_text), (4 bytes).
    Removing stm32f4xx_usart.o(.revsh_text), (4 bytes).
    Removing stm32f4xx_usart.o(.rrx_text), (6 bytes).
    Removing stm32f4xx_usart.o(i.USART_ClearFlag), (18 bytes).
    Removing stm32f4xx_usart.o(i.USART_ClearITPendingBit), (30 bytes).
    Removing stm32f4xx_usart.o(i.USART_ClockInit), (32 bytes).
    Removing stm32f4xx_usart.o(i.USART_ClockStructInit), (12 bytes).
    Removing stm32f4xx_usart.o(i.USART_Cmd), (24 bytes).
    Removing stm32f4xx_usart.o(i.USART_DMACmd), (18 bytes).
    Removing stm32f4xx_usart.o(i.USART_DeInit), (240 bytes).
    Removing stm32f4xx_usart.o(i.USART_GetFlagStatus), (26 bytes).
    Removing stm32f4xx_usart.o(i.USART_GetITStatus), (84 bytes).
    Removing stm32f4xx_usart.o(i.USART_HalfDuplexCmd), (24 bytes).
    Removing stm32f4xx_usart.o(i.USART_ITConfig), (74 bytes).
    Removing stm32f4xx_usart.o(i.USART_Init), (212 bytes).
    Removing stm32f4xx_usart.o(i.USART_IrDACmd), (24 bytes).
    Removing stm32f4xx_usart.o(i.USART_IrDAConfig), (18 bytes).
    Removing stm32f4xx_usart.o(i.USART_LINBreakDetectLengthConfig), (18 bytes).
    Removing stm32f4xx_usart.o(i.USART_LINCmd), (24 bytes).
    Removing stm32f4xx_usart.o(i.USART_OneBitMethodCmd), (24 bytes).
    Removing stm32f4xx_usart.o(i.USART_OverSampling8Cmd), (22 bytes).
    Removing stm32f4xx_usart.o(i.USART_ReceiveData), (10 bytes).
    Removing stm32f4xx_usart.o(i.USART_ReceiverWakeUpCmd), (24 bytes).
    Removing stm32f4xx_usart.o(i.USART_SendBreak), (10 bytes).
    Removing stm32f4xx_usart.o(i.USART_SendData), (8 bytes).
    Removing stm32f4xx_usart.o(i.USART_SetAddress), (18 bytes).
    Removing stm32f4xx_usart.o(i.USART_SetGuardTime), (16 bytes).
    Removing stm32f4xx_usart.o(i.USART_SetPrescaler), (16 bytes).
    Removing stm32f4xx_usart.o(i.USART_SmartCardCmd), (24 bytes).
    Removing stm32f4xx_usart.o(i.USART_SmartCardNACKCmd), (24 bytes).
    Removing stm32f4xx_usart.o(i.USART_StructInit), (24 bytes).
    Removing stm32f4xx_usart.o(i.USART_WakeUpConfig), (18 bytes).
    Removing stm32f4xx_wwdg.o(.rev16_text), (4 bytes).
    Removing stm32f4xx_wwdg.o(.revsh_text), (4 bytes).
    Removing stm32f4xx_wwdg.o(.rrx_text), (6 bytes).
    Removing stm32f4xx_wwdg.o(i.WWDG_ClearFlag), (12 bytes).
    Removing stm32f4xx_wwdg.o(i.WWDG_DeInit), (22 bytes).
    Removing stm32f4xx_wwdg.o(i.WWDG_Enable), (16 bytes).
    Removing stm32f4xx_wwdg.o(i.WWDG_EnableIT), (12 bytes).
    Removing stm32f4xx_wwdg.o(i.WWDG_GetFlagStatus), (20 bytes).
    Removing stm32f4xx_wwdg.o(i.WWDG_SetCounter), (16 bytes).
    Removing stm32f4xx_wwdg.o(i.WWDG_SetPrescaler), (24 bytes).
    Removing stm32f4xx_wwdg.o(i.WWDG_SetWindowValue), (40 bytes).
    Removing main.o(.rev16_text), (4 bytes).
    Removing main.o(.revsh_text), (4 bytes).
    Removing main.o(.rrx_text), (6 bytes).
    Removing stm32f4xx_it.o(.rev16_text), (4 bytes).
    Removing stm32f4xx_it.o(.revsh_text), (4 bytes).
    Removing stm32f4xx_it.o(.rrx_text), (6 bytes).
    Removing system_stm32f4xx.o(.rev16_text), (4 bytes).
    Removing system_stm32f4xx.o(.revsh_text), (4 bytes).
    Removing system_stm32f4xx.o(.rrx_text), (6 bytes).
    Removing system_stm32f4xx.o(i.SystemCoreClockUpdate), (192 bytes).
    Removing system_stm32f4xx.o(.data), (20 bytes).
    Removing oled.o(.rev16_text), (4 bytes).
    Removing oled.o(.revsh_text), (4 bytes).
    Removing oled.o(.rrx_text), (6 bytes).
    Removing oled.o(i.OLED_ShowBinNum), (62 bytes).
    Removing oled.o(i.OLED_ShowHexNum), (84 bytes).
    Removing oled.o(i.OLED_ShowSignedNum), (102 bytes).
    Removing oled.o(i.OLED_ShowString), (40 bytes).
    Removing iic1.o(.rev16_text), (4 bytes).
    Removing iic1.o(.revsh_text), (4 bytes).
    Removing iic1.o(.rrx_text), (6 bytes).
    Removing iic1.o(i.I2C1_ReceiveData), (104 bytes).
    Removing i2c.o(.rev16_text), (4 bytes).
    Removing i2c.o(.revsh_text), (4 bytes).
    Removing i2c.o(.rrx_text), (6 bytes).
    Removing i2c.o(i.I2C_ACK), (62 bytes).
    Removing i2c.o(i.I2C_NACK), (62 bytes).
    Removing i2c.o(i.I2C_READ_BYTE), (76 bytes).
    Removing i2c.o(i.I2C_SEND_BYTE), (60 bytes).
    Removing i2c.o(i.I2C_START), (46 bytes).
    Removing i2c.o(i.I2C_STOP), (46 bytes).
    Removing i2c.o(i.I2C_WAIT_ACK), (74 bytes).
    Removing i2c.o(i.create_I2C_Structure), (56 bytes).
    Removing i2c.o(i.i2c_protecol_read_byte), (124 bytes).
    Removing i2c.o(i.i2c_protecol_read_bytes), (150 bytes).
    Removing i2c.o(i.i2c_protecol_send_byte), (98 bytes).
    Removing i2c.o(i.i2c_protecol_send_bytes), (112 bytes).
    Removing i2c.o(i.msg_delay), (56 bytes).
    Removing i2c.o(i.pin_write_bit), (64 bytes).
    Removing led.o(.rev16_text), (4 bytes).
    Removing led.o(.revsh_text), (4 bytes).
    Removing led.o(.rrx_text), (6 bytes).
    Removing led.o(i.LED_Init), (96 bytes).
    Removing tim.o(.rev16_text), (4 bytes).
    Removing tim.o(.revsh_text), (4 bytes).
    Removing tim.o(.rrx_text), (6 bytes).
    Removing bee.o(.rev16_text), (4 bytes).
    Removing bee.o(.revsh_text), (4 bytes).
    Removing bee.o(.rrx_text), (6 bytes).
    Removing bee.o(i.Bee_Init), (56 bytes).
    Removing bee.o(i.Bee_Turn), (44 bytes).
    Removing delay.o(.rev16_text), (4 bytes).
    Removing delay.o(.revsh_text), (4 bytes).
    Removing delay.o(.rrx_text), (6 bytes).
    Removing delay.o(i.delay_ms), (56 bytes).
    Removing delay.o(i.delay_us), (54 bytes).
    Removing sys.o(.rev16_text), (4 bytes).
    Removing sys.o(.revsh_text), (4 bytes).
    Removing sys.o(.rrx_text), (6 bytes).
    Removing sys.o(.emb_text), (16 bytes).
    Removing mui.o(i.mui_Draw), (20 bytes).
    Removing mui.o(i.mui_EnterForm), (96 bytes).
    Removing mui.o(i.mui_GetCurrentCursorFocusPosition), (28 bytes).
    Removing mui.o(i.mui_GetCurrentFormId), (32 bytes).
    Removing mui.o(i.mui_GetSelectableFieldOptionCnt), (36 bytes).
    Removing mui.o(i.mui_GetSelectableFieldTextOption), (40 bytes).
    Removing mui.o(i.mui_GotoForm), (42 bytes).
    Removing mui.o(i.mui_GotoFormAutoCursorPosition), (44 bytes).
    Removing mui.o(i.mui_Init), (38 bytes).
    Removing mui.o(i.mui_LeaveForm), (52 bytes).
    Removing mui.o(i.mui_NextField), (46 bytes).
    Removing mui.o(i.mui_PrevField), (76 bytes).
    Removing mui.o(i.mui_RestoreForm), (20 bytes).
    Removing mui.o(i.mui_SaveCursorPosition), (80 bytes).
    Removing mui.o(i.mui_SaveForm), (48 bytes).
    Removing mui.o(i.mui_SendSelect), (14 bytes).
    Removing mui.o(i.mui_SendSelectWithExecuteOnSelectFieldSearch), (60 bytes).
    Removing mui.o(i.mui_SendValueDecrement), (14 bytes).
    Removing mui.o(i.mui_SendValueIncrement), (14 bytes).
    Removing mui.o(i.mui_fds_first_token), (44 bytes).
    Removing mui.o(i.mui_fds_get_cmd_size), (74 bytes).
    Removing mui.o(i.mui_fds_get_cmd_size_without_text), (120 bytes).
    Removing mui.o(i.mui_fds_get_nth_token), (40 bytes).
    Removing mui.o(i.mui_fds_get_token_cnt), (34 bytes).
    Removing mui.o(i.mui_fds_next_token), (86 bytes).
    Removing mui.o(i.mui_fds_parse_text), (92 bytes).
    Removing mui.o(i.mui_find_form), (62 bytes).
    Removing mui.o(i.mui_find_uif), (58 bytes).
    Removing mui.o(i.mui_get_fds_char), (6 bytes).
    Removing mui.o(i.mui_inner_loop_over_form), (68 bytes).
    Removing mui.o(i.mui_loop_over_form), (42 bytes).
    Removing mui.o(i.mui_next_field), (44 bytes).
    Removing mui.o(i.mui_prepare_current_field), (380 bytes).
    Removing mui.o(i.mui_send_cursor_enter_msg), (20 bytes).
    Removing mui.o(i.mui_send_cursor_msg), (38 bytes).
    Removing mui.o(i.mui_task_draw), (18 bytes).
    Removing mui.o(i.mui_task_find_execute_on_select_field), (24 bytes).
    Removing mui.o(i.mui_task_find_first_cursor_uif), (24 bytes).
    Removing mui.o(i.mui_task_find_last_cursor_uif), (20 bytes).
    Removing mui.o(i.mui_task_find_next_cursor_uif), (44 bytes).
    Removing mui.o(i.mui_task_find_prev_cursor_uif), (36 bytes).
    Removing mui.o(i.mui_task_form_end), (18 bytes).
    Removing mui.o(i.mui_task_form_start), (18 bytes).
    Removing mui.o(i.mui_task_get_current_cursor_focus_position), (38 bytes).
    Removing mui.o(i.mui_task_read_nth_selectable_field), (36 bytes).
    Removing mui.o(i.mui_uif_is_cursor_selectable), (20 bytes).
    Removing mui_u8g2.o(i.mui_get_U8g2), (6 bytes).
    Removing mui_u8g2.o(i.mui_get_x), (36 bytes).
    Removing mui_u8g2.o(i.mui_get_y), (8 bytes).
    Removing mui_u8g2.o(i.mui_is_valid_char), (50 bytes).
    Removing mui_u8g2.o(i.mui_u8g2_btn_exit_wm_fi), (110 bytes).
    Removing mui_u8g2.o(i.mui_u8g2_btn_goto_w1_fi), (116 bytes).
    Removing mui_u8g2.o(i.mui_u8g2_btn_goto_w1_pi), (112 bytes).
    Removing mui_u8g2.o(i.mui_u8g2_btn_goto_w2_fi), (118 bytes).
    Removing mui_u8g2.o(i.mui_u8g2_btn_goto_w2_if), (118 bytes).
    Removing mui_u8g2.o(i.mui_u8g2_btn_goto_wm_fi), (94 bytes).
    Removing mui_u8g2.o(i.mui_u8g2_btn_goto_wm_if), (94 bytes).
    Removing mui_u8g2.o(i.mui_u8g2_draw_button_fi), (42 bytes).
    Removing mui_u8g2.o(i.mui_u8g2_draw_button_if), (42 bytes).
    Removing mui_u8g2.o(i.mui_u8g2_draw_button_pf), (42 bytes).
    Removing mui_u8g2.o(i.mui_u8g2_draw_button_pi), (42 bytes).
    Removing mui_u8g2.o(i.mui_u8g2_draw_button_utf), (72 bytes).
    Removing mui_u8g2.o(i.mui_u8g2_draw_text), (92 bytes).
    Removing mui_u8g2.o(i.mui_u8g2_get_fi_flags), (28 bytes).
    Removing mui_u8g2.o(i.mui_u8g2_get_if_flags), (42 bytes).
    Removing mui_u8g2.o(i.mui_u8g2_get_pf_flags), (30 bytes).
    Removing mui_u8g2.o(i.mui_u8g2_get_pi_flags), (30 bytes).
    Removing mui_u8g2.o(i.mui_u8g2_goto_data), (48 bytes).
    Removing mui_u8g2.o(i.mui_u8g2_goto_form_w1_pf), (166 bytes).
    Removing mui_u8g2.o(i.mui_u8g2_goto_form_w1_pi), (162 bytes).
    Removing mui_u8g2.o(i.mui_u8g2_handle_scroll_next_prev_events), (136 bytes).
    Removing mui_u8g2.o(i.mui_u8g2_set_font_style_function), (32 bytes).
    Removing mui_u8g2.o(i.mui_u8g2_u16_list_child_mse_common), (154 bytes).
    Removing mui_u8g2.o(i.mui_u8g2_u16_list_child_w1_pi), (204 bytes).
    Removing mui_u8g2.o(i.mui_u8g2_u16_list_goto_w1_pi), (182 bytes).
    Removing mui_u8g2.o(i.mui_u8g2_u16_list_line_wa_mse_pi), (138 bytes).
    Removing mui_u8g2.o(i.mui_u8g2_u16_list_line_wa_mud_pi), (174 bytes).
    Removing mui_u8g2.o(i.mui_u8g2_u16_list_parent_wm_pi), (108 bytes).
    Removing mui_u8g2.o(i.mui_u8g2_u8_bar_draw_wm), (388 bytes).
    Removing mui_u8g2.o(i.mui_u8g2_u8_bar_mse_msg_handler), (126 bytes).
    Removing mui_u8g2.o(i.mui_u8g2_u8_bar_mud_msg_handler), (166 bytes).
    Removing mui_u8g2.o(i.mui_u8g2_u8_bar_wm_mse_pf), (46 bytes).
    Removing mui_u8g2.o(i.mui_u8g2_u8_bar_wm_mse_pi), (46 bytes).
    Removing mui_u8g2.o(i.mui_u8g2_u8_bar_wm_mud_pf), (46 bytes).
    Removing mui_u8g2.o(i.mui_u8g2_u8_bar_wm_mud_pi), (46 bytes).
    Removing mui_u8g2.o(i.mui_u8g2_u8_char_wm_mud_pi), (192 bytes).
    Removing mui_u8g2.o(i.mui_u8g2_u8_chkbox_wm_pi), (292 bytes).
    Removing mui_u8g2.o(i.mui_u8g2_u8_fixed_width_bar_wm_mse_pf), (46 bytes).
    Removing mui_u8g2.o(i.mui_u8g2_u8_fixed_width_bar_wm_mse_pi), (46 bytes).
    Removing mui_u8g2.o(i.mui_u8g2_u8_fixed_width_bar_wm_mud_pf), (46 bytes).
    Removing mui_u8g2.o(i.mui_u8g2_u8_fixed_width_bar_wm_mud_pi), (46 bytes).
    Removing mui_u8g2.o(i.mui_u8g2_u8_min_max_wm_mse_pf), (110 bytes).
    Removing mui_u8g2.o(i.mui_u8g2_u8_min_max_wm_mse_pi), (110 bytes).
    Removing mui_u8g2.o(i.mui_u8g2_u8_min_max_wm_mud_pf), (152 bytes).
    Removing mui_u8g2.o(i.mui_u8g2_u8_min_max_wm_mud_pi), (152 bytes).
    Removing mui_u8g2.o(i.mui_u8g2_u8_opt_child_mse_common), (138 bytes).
    Removing mui_u8g2.o(i.mui_u8g2_u8_opt_child_wm_pi), (128 bytes).
    Removing mui_u8g2.o(i.mui_u8g2_u8_opt_line_wa_mse_pf), (138 bytes).
    Removing mui_u8g2.o(i.mui_u8g2_u8_opt_line_wa_mse_pi), (138 bytes).
    Removing mui_u8g2.o(i.mui_u8g2_u8_opt_line_wa_mud_pf), (174 bytes).
    Removing mui_u8g2.o(i.mui_u8g2_u8_opt_line_wa_mud_pi), (174 bytes).
    Removing mui_u8g2.o(i.mui_u8g2_u8_opt_parent_wm_pi), (110 bytes).
    Removing mui_u8g2.o(i.mui_u8g2_u8_opt_radio_child_w1_pi), (190 bytes).
    Removing mui_u8g2.o(i.mui_u8g2_u8_opt_radio_child_wm_pi), (208 bytes).
    Removing mui_u8g2.o(i.mui_u8g2_u8_radio_wm_pi), (284 bytes).
    Removing mui_u8g2.o(i.mui_u8g2_u8_vmm_draw_wm_pf), (132 bytes).
    Removing mui_u8g2.o(i.mui_u8g2_u8_vmm_draw_wm_pi), (132 bytes).
    Removing mui_u8g2.o(i.u8g2_DrawCheckbox), (66 bytes).
    Removing mui_u8g2.o(i.u8g2_DrawValueMark), (28 bytes).
    Removing u8g2_bitmap.o(i.u8g2_DrawBitmap), (90 bytes).
    Removing u8g2_bitmap.o(i.u8g2_DrawHXBM), (154 bytes).
    Removing u8g2_bitmap.o(i.u8g2_DrawHXBMP), (154 bytes).
    Removing u8g2_bitmap.o(i.u8g2_DrawHorizontalBitmap), (152 bytes).
    Removing u8g2_bitmap.o(i.u8g2_DrawXBM), (88 bytes).
    Removing u8g2_bitmap.o(i.u8g2_DrawXBMP), (88 bytes).
    Removing u8g2_bitmap.o(i.u8g2_SetBitmapMode), (6 bytes).
    Removing u8g2_box.o(i.u8g2_DrawBox), (74 bytes).
    Removing u8g2_box.o(i.u8g2_DrawFrame), (138 bytes).
    Removing u8g2_box.o(i.u8g2_DrawRBox), (318 bytes).
    Removing u8g2_box.o(i.u8g2_DrawRFrame), (332 bytes).
    Removing u8g2_buffer.o(i.u8g2_ClearBuffer), (28 bytes).
    Removing u8g2_buffer.o(i.u8g2_FirstPage), (26 bytes).
    Removing u8g2_buffer.o(i.u8g2_NextPage), (64 bytes).
    Removing u8g2_buffer.o(i.u8g2_SendBuffer), (18 bytes).
    Removing u8g2_buffer.o(i.u8g2_SetBufferCurrTileRow), (28 bytes).
    Removing u8g2_buffer.o(i.u8g2_UpdateDisplay), (12 bytes).
    Removing u8g2_buffer.o(i.u8g2_UpdateDisplayArea), (86 bytes).
    Removing u8g2_buffer.o(i.u8g2_WriteBufferPBM), (44 bytes).
    Removing u8g2_buffer.o(i.u8g2_WriteBufferPBM2), (44 bytes).
    Removing u8g2_buffer.o(i.u8g2_WriteBufferXBM), (44 bytes).
    Removing u8g2_buffer.o(i.u8g2_WriteBufferXBM2), (44 bytes).
    Removing u8g2_buffer.o(i.u8g2_send_buffer), (54 bytes).
    Removing u8g2_buffer.o(i.u8g2_send_tile_row), (54 bytes).
    Removing u8g2_button.o(i.u8g2_DrawButtonFrame), (348 bytes).
    Removing u8g2_button.o(i.u8g2_DrawButtonUTF8), (124 bytes).
    Removing u8g2_circle.o(i.u8g2_DrawCircle), (70 bytes).
    Removing u8g2_circle.o(i.u8g2_DrawDisc), (70 bytes).
    Removing u8g2_circle.o(i.u8g2_DrawEllipse), (70 bytes).
    Removing u8g2_circle.o(i.u8g2_DrawFilledEllipse), (70 bytes).
    Removing u8g2_circle.o(i.u8g2_draw_circle), (128 bytes).
    Removing u8g2_circle.o(i.u8g2_draw_circle_section), (156 bytes).
    Removing u8g2_circle.o(i.u8g2_draw_disc), (128 bytes).
    Removing u8g2_circle.o(i.u8g2_draw_disc_section), (180 bytes).
    Removing u8g2_circle.o(i.u8g2_draw_ellipse), (294 bytes).
    Removing u8g2_circle.o(i.u8g2_draw_ellipse_section), (100 bytes).
    Removing u8g2_circle.o(i.u8g2_draw_filled_ellipse), (294 bytes).
    Removing u8g2_circle.o(i.u8g2_draw_filled_ellipse_section), (116 bytes).
    Removing u8g2_cleardisplay.o(i.u8g2_ClearDisplay), (32 bytes).
    Removing u8g2_d_memory.o(i.u8g2_m_16_8_f), (16 bytes).
    Removing u8g2_d_memory.o(.bss), (1024 bytes).
    Removing u8g2_d_setup.o(i.u8g2_Setup_ssd1306_i2c_128x64_noname_f), (68 bytes).
    Removing u8g2_font.o(i.u8g2_DrawExtUTF8), (180 bytes).
    Removing u8g2_font.o(i.u8g2_DrawExtendedUTF8), (188 bytes).
    Removing u8g2_font.o(i.u8g2_DrawGlyph), (98 bytes).
    Removing u8g2_font.o(i.u8g2_DrawGlyphX2), (42 bytes).
    Removing u8g2_font.o(i.u8g2_DrawStr), (36 bytes).
    Removing u8g2_font.o(i.u8g2_DrawStrX2), (36 bytes).
    Removing u8g2_font.o(i.u8g2_DrawUTF8), (36 bytes).
    Removing u8g2_font.o(i.u8g2_DrawUTF8X2), (36 bytes).
    Removing u8g2_font.o(i.u8g2_GetFontBBXHeight), (8 bytes).
    Removing u8g2_font.o(i.u8g2_GetFontBBXOffX), (8 bytes).
    Removing u8g2_font.o(i.u8g2_GetFontBBXOffY), (8 bytes).
    Removing u8g2_font.o(i.u8g2_GetFontBBXWidth), (8 bytes).
    Removing u8g2_font.o(i.u8g2_GetFontCapitalAHeight), (8 bytes).
    Removing u8g2_font.o(i.u8g2_GetFontSize), (70 bytes).
    Removing u8g2_font.o(i.u8g2_GetGlyphHorizontalProperties), (92 bytes).
    Removing u8g2_font.o(i.u8g2_GetGlyphWidth), (72 bytes).
    Removing u8g2_font.o(i.u8g2_GetStrWidth), (24 bytes).
    Removing u8g2_font.o(i.u8g2_GetStrX), (34 bytes).
    Removing u8g2_font.o(i.u8g2_GetUTF8Width), (24 bytes).
    Removing u8g2_font.o(i.u8g2_IsAllValidUTF8), (24 bytes).
    Removing u8g2_font.o(i.u8g2_IsGlyph), (24 bytes).
    Removing u8g2_font.o(i.u8g2_SetFont), (32 bytes).
    Removing u8g2_font.o(i.u8g2_SetFontDirection), (6 bytes).
    Removing u8g2_font.o(i.u8g2_SetFontMode), (6 bytes).
    Removing u8g2_font.o(i.u8g2_SetFontPosBaseline), (12 bytes).
    Removing u8g2_font.o(i.u8g2_SetFontPosBottom), (12 bytes).
    Removing u8g2_font.o(i.u8g2_SetFontPosCenter), (12 bytes).
    Removing u8g2_font.o(i.u8g2_SetFontPosTop), (12 bytes).
    Removing u8g2_font.o(i.u8g2_SetFontRefHeightAll), (18 bytes).
    Removing u8g2_font.o(i.u8g2_SetFontRefHeightExtendedText), (18 bytes).
    Removing u8g2_font.o(i.u8g2_SetFontRefHeightText), (18 bytes).
    Removing u8g2_font.o(i.u8g2_UpdateRefHeight), (136 bytes).
    Removing u8g2_font.o(i.u8g2_add_vector_x), (42 bytes).
    Removing u8g2_font.o(i.u8g2_add_vector_y), (42 bytes).
    Removing u8g2_font.o(i.u8g2_draw_string), (144 bytes).
    Removing u8g2_font.o(i.u8g2_draw_string_2x), (94 bytes).
    Removing u8g2_font.o(i.u8g2_font_2x_decode_glyph), (246 bytes).
    Removing u8g2_font.o(i.u8g2_font_2x_decode_len), (212 bytes).
    Removing u8g2_font.o(i.u8g2_font_2x_draw_glyph), (58 bytes).
    Removing u8g2_font.o(i.u8g2_font_calc_vref_bottom), (10 bytes).
    Removing u8g2_font.o(i.u8g2_font_calc_vref_center), (32 bytes).
    Removing u8g2_font.o(i.u8g2_font_calc_vref_font), (6 bytes).
    Removing u8g2_font.o(i.u8g2_font_calc_vref_top), (14 bytes).
    Removing u8g2_font.o(i.u8g2_font_decode_get_signed_bits), (36 bytes).
    Removing u8g2_font.o(i.u8g2_font_decode_get_unsigned_bits), (66 bytes).
    Removing u8g2_font.o(i.u8g2_font_decode_glyph), (386 bytes).
    Removing u8g2_font.o(i.u8g2_font_decode_len), (176 bytes).
    Removing u8g2_font.o(i.u8g2_font_draw_glyph), (58 bytes).
    Removing u8g2_font.o(i.u8g2_font_get_byte), (8 bytes).
    Removing u8g2_font.o(i.u8g2_font_get_glyph_data), (146 bytes).
    Removing u8g2_font.o(i.u8g2_font_get_word), (24 bytes).
    Removing u8g2_font.o(i.u8g2_font_setup_decode), (64 bytes).
    Removing u8g2_font.o(i.u8g2_is_all_valid), (64 bytes).
    Removing u8g2_font.o(i.u8g2_read_font_info), (224 bytes).
    Removing u8g2_font.o(i.u8g2_string_width), (138 bytes).
    Removing u8g2_fonts.o(.constdata), (46033 bytes).
    Removing u8g2_hvline.o(i.u8g2_DrawHLine), (28 bytes).
    Removing u8g2_hvline.o(i.u8g2_DrawHVLine), (220 bytes).
    Removing u8g2_hvline.o(i.u8g2_DrawPixel), (68 bytes).
    Removing u8g2_hvline.o(i.u8g2_DrawVLine), (28 bytes).
    Removing u8g2_hvline.o(i.u8g2_SetDrawColor), (16 bytes).
    Removing u8g2_hvline.o(i.u8g2_clip_intersection2), (76 bytes).
    Removing u8g2_hvline.o(i.u8g2_draw_hv_line_2dir), (44 bytes).
    Removing u8g2_input_value.o(i.u8g2_UserInterfaceInputValue), (392 bytes).
    Removing u8g2_intersection.o(i.u8g2_IsIntersection), (58 bytes).
    Removing u8g2_intersection.o(i.u8g2_is_intersection_decision_tree), (48 bytes).
    Removing u8g2_kerning.o(i.u8g2_GetKerning), (112 bytes).
    Removing u8g2_kerning.o(i.u8g2_GetKerningByTable), (68 bytes).
    Removing u8g2_line.o(i.u8g2_DrawLine), (214 bytes).
    Removing u8g2_ll_hvline.o(i.u8g2_ll_hvline_horizontal_right_lsb), (190 bytes).
    Removing u8g2_ll_hvline.o(i.u8g2_ll_hvline_vertical_top_lsb), (238 bytes).
    Removing u8g2_message.o(i.u8g2_UserInterfaceMessage), (368 bytes).
    Removing u8g2_message.o(i.u8g2_draw_button_line), (190 bytes).
    Removing u8g2_polygon.o(i.pg_AddPolygonXY), (28 bytes).
    Removing u8g2_polygon.o(i.pg_ClearPolygonXY), (6 bytes).
    Removing u8g2_polygon.o(i.pg_DrawPolygon), (28 bytes).
    Removing u8g2_polygon.o(i.pg_dec), (22 bytes).
    Removing u8g2_polygon.o(i.pg_exec), (110 bytes).
    Removing u8g2_polygon.o(i.pg_expand_min_y), (84 bytes).
    Removing u8g2_polygon.o(i.pg_hline), (164 bytes).
    Removing u8g2_polygon.o(i.pg_inc), (18 bytes).
    Removing u8g2_polygon.o(i.pg_line_init), (78 bytes).
    Removing u8g2_polygon.o(i.pg_prepare), (192 bytes).
    Removing u8g2_polygon.o(i.pge_Init), (90 bytes).
    Removing u8g2_polygon.o(i.pge_Next), (78 bytes).
    Removing u8g2_polygon.o(i.u8g2_AddPolygonXY), (24 bytes).
    Removing u8g2_polygon.o(i.u8g2_ClearPolygonXY), (16 bytes).
    Removing u8g2_polygon.o(i.u8g2_DrawPolygon), (20 bytes).
    Removing u8g2_polygon.o(i.u8g2_DrawTriangle), (64 bytes).
    Removing u8g2_polygon.o(.bss), (76 bytes).
    Removing u8g2_selection_list.o(i.u8g2_DrawSelectionList), (52 bytes).
    Removing u8g2_selection_list.o(i.u8g2_DrawUTF8Line), (232 bytes).
    Removing u8g2_selection_list.o(i.u8g2_DrawUTF8Lines), (88 bytes).
    Removing u8g2_selection_list.o(i.u8g2_UserInterfaceSelectionList), (352 bytes).
    Removing u8g2_selection_list.o(i.u8g2_draw_selection_list_line), (96 bytes).
    Removing u8g2_setup.o(i.u8g2_SendF), (30 bytes).
    Removing u8g2_setup.o(i.u8g2_SetClipWindow), (42 bytes).
    Removing u8g2_setup.o(i.u8g2_SetDisplayRotation), (26 bytes).
    Removing u8g2_setup.o(i.u8g2_SetMaxClipWindow), (32 bytes).
    Removing u8g2_setup.o(i.u8g2_SetupBuffer), (90 bytes).
    Removing u8g2_setup.o(i.u8g2_Setup_null), (56 bytes).
    Removing u8g2_setup.o(i.u8g2_apply_clip_window), (122 bytes).
    Removing u8g2_setup.o(i.u8g2_draw_l90_mirrorr_r0), (60 bytes).
    Removing u8g2_setup.o(i.u8g2_draw_l90_r0), (36 bytes).
    Removing u8g2_setup.o(i.u8g2_draw_l90_r1), (68 bytes).
    Removing u8g2_setup.o(i.u8g2_draw_l90_r2), (86 bytes).
    Removing u8g2_setup.o(i.u8g2_draw_l90_r3), (80 bytes).
    Removing u8g2_setup.o(i.u8g2_draw_mirror_vertical_r0), (60 bytes).
    Removing u8g2_setup.o(i.u8g2_update_dimension_common), (96 bytes).
    Removing u8g2_setup.o(i.u8g2_update_dimension_r0), (12 bytes).
    Removing u8g2_setup.o(i.u8g2_update_dimension_r1), (28 bytes).
    Removing u8g2_setup.o(i.u8g2_update_dimension_r2), (12 bytes).
    Removing u8g2_setup.o(i.u8g2_update_dimension_r3), (28 bytes).
    Removing u8g2_setup.o(i.u8g2_update_page_win_r0), (32 bytes).
    Removing u8g2_setup.o(i.u8g2_update_page_win_r1), (32 bytes).
    Removing u8g2_setup.o(i.u8g2_update_page_win_r2), (60 bytes).
    Removing u8g2_setup.o(i.u8g2_update_page_win_r3), (60 bytes).
    Removing u8g2_setup.o(.constdata), (72 bytes).
    Removing u8g2_setup.o(.data), (8 bytes).
    Removing u8log.o(i.u8log_Init), (36 bytes).
    Removing u8log.o(i.u8log_SetCallback), (6 bytes).
    Removing u8log.o(i.u8log_SetLineHeightOffset), (4 bytes).
    Removing u8log.o(i.u8log_SetRedrawMode), (4 bytes).
    Removing u8log.o(i.u8log_WriteChar), (40 bytes).
    Removing u8log.o(i.u8log_WriteDec16), (32 bytes).
    Removing u8log.o(i.u8log_WriteDec8), (32 bytes).
    Removing u8log.o(i.u8log_WriteHex16), (24 bytes).
    Removing u8log.o(i.u8log_WriteHex32), (24 bytes).
    Removing u8log.o(i.u8log_WriteHex8), (24 bytes).
    Removing u8log.o(i.u8log_WriteHexHalfByte), (42 bytes).
    Removing u8log.o(i.u8log_WriteString), (26 bytes).
    Removing u8log.o(i.u8log_clear_screen), (30 bytes).
    Removing u8log.o(i.u8log_cursor_on_screen), (46 bytes).
    Removing u8log.o(i.u8log_scroll_up), (72 bytes).
    Removing u8log.o(i.u8log_write_char), (114 bytes).
    Removing u8log.o(i.u8log_write_to_screen), (46 bytes).
    Removing u8log_u8g2.o(i.u8g2_DrawLog), (114 bytes).
    Removing u8log_u8g2.o(i.u8log_u8g2_cb), (50 bytes).
    Removing u8log_u8x8.o(i.u8log_u8x8_cb), (44 bytes).
    Removing u8log_u8x8.o(i.u8x8_DrawLog), (48 bytes).
    Removing u8log_u8x8.o(i.u8x8_DrawLogLine), (60 bytes).
    Removing u8x8_8x8.o(i.u8x8_Draw1x2Glyph), (96 bytes).
    Removing u8x8_8x8.o(i.u8x8_Draw1x2String), (36 bytes).
    Removing u8x8_8x8.o(i.u8x8_Draw1x2UTF8), (36 bytes).
    Removing u8x8_8x8.o(i.u8x8_Draw2x2Glyph), (104 bytes).
    Removing u8x8_8x8.o(i.u8x8_Draw2x2String), (36 bytes).
    Removing u8x8_8x8.o(i.u8x8_Draw2x2UTF8), (36 bytes).
    Removing u8x8_8x8.o(i.u8x8_DrawGlyph), (106 bytes).
    Removing u8x8_8x8.o(i.u8x8_DrawString), (36 bytes).
    Removing u8x8_8x8.o(i.u8x8_DrawUTF8), (36 bytes).
    Removing u8x8_8x8.o(i.u8x8_GetUTF8Len), (58 bytes).
    Removing u8x8_8x8.o(i.u8x8_SetFont), (4 bytes).
    Removing u8x8_8x8.o(i.u8x8_ascii_next), (18 bytes).
    Removing u8x8_8x8.o(i.u8x8_draw_1x2_string), (96 bytes).
    Removing u8x8_8x8.o(i.u8x8_draw_1x2_subglyph), (102 bytes).
    Removing u8x8_8x8.o(i.u8x8_draw_2x2_string), (104 bytes).
    Removing u8x8_8x8.o(i.u8x8_draw_2x2_subglyph), (172 bytes).
    Removing u8x8_8x8.o(i.u8x8_draw_string), (96 bytes).
    Removing u8x8_8x8.o(i.u8x8_get_glyph_data), (202 bytes).
    Removing u8x8_8x8.o(i.u8x8_upscale_buf), (28 bytes).
    Removing u8x8_8x8.o(i.u8x8_upscale_byte), (42 bytes).
    Removing u8x8_8x8.o(i.u8x8_utf8_init), (8 bytes).
    Removing u8x8_8x8.o(i.u8x8_utf8_next), (156 bytes).
    Removing u8x8_byte.o(i.i2c_clear_scl), (16 bytes).
    Removing u8x8_byte.o(i.i2c_clear_sda), (16 bytes).
    Removing u8x8_byte.o(i.i2c_delay), (18 bytes).
    Removing u8x8_byte.o(i.i2c_init), (32 bytes).
    Removing u8x8_byte.o(i.i2c_read_bit), (42 bytes).
    Removing u8x8_byte.o(i.i2c_read_scl_and_delay), (22 bytes).
    Removing u8x8_byte.o(i.i2c_read_sda), (16 bytes).
    Removing u8x8_byte.o(i.i2c_start), (60 bytes).
    Removing u8x8_byte.o(i.i2c_stop), (42 bytes).
    Removing u8x8_byte.o(i.i2c_write_bit), (42 bytes).
    Removing u8x8_byte.o(i.i2c_write_byte), (94 bytes).
    Removing u8x8_byte.o(i.u8x8_byte_3wire_sw_spi), (304 bytes).
    Removing u8x8_byte.o(i.u8x8_byte_4wire_sw_spi), (288 bytes).
    Removing u8x8_byte.o(i.u8x8_byte_8bit_6800mode), (248 bytes).
    Removing u8x8_byte.o(i.u8x8_byte_8bit_8080mode), (248 bytes).
    Removing u8x8_byte.o(i.u8x8_byte_EndTransfer), (18 bytes).
    Removing u8x8_byte.o(i.u8x8_byte_SendByte), (16 bytes).
    Removing u8x8_byte.o(i.u8x8_byte_SendBytes), (26 bytes).
    Removing u8x8_byte.o(i.u8x8_byte_SetDC), (20 bytes).
    Removing u8x8_byte.o(i.u8x8_byte_StartTransfer), (18 bytes).
    Removing u8x8_byte.o(i.u8x8_byte_empty), (46 bytes).
    Removing u8x8_byte.o(i.u8x8_byte_ks0108), (240 bytes).
    Removing u8x8_byte.o(i.u8x8_byte_sed1520), (240 bytes).
    Removing u8x8_byte.o(i.u8x8_byte_set_ks0108_cs), (48 bytes).
    Removing u8x8_byte.o(i.u8x8_byte_sw_i2c), (110 bytes).
    Removing u8x8_byte.o(.data), (2 bytes).
    Removing u8x8_cad.o(i.u8x8_SendF), (30 bytes).
    Removing u8x8_cad.o(i.u8x8_cad_001), (108 bytes).
    Removing u8x8_cad.o(i.u8x8_cad_011), (108 bytes).
    Removing u8x8_cad.o(i.u8x8_cad_100), (108 bytes).
    Removing u8x8_cad.o(i.u8x8_cad_110), (108 bytes).
    Removing u8x8_cad.o(i.u8x8_cad_EndTransfer), (18 bytes).
    Removing u8x8_cad.o(i.u8x8_cad_SendArg), (20 bytes).
    Removing u8x8_cad.o(i.u8x8_cad_SendCmd), (20 bytes).
    Removing u8x8_cad.o(i.u8x8_cad_SendData), (26 bytes).
    Removing u8x8_cad.o(i.u8x8_cad_SendMultipleArg), (38 bytes).
    Removing u8x8_cad.o(i.u8x8_cad_SendSequence), (124 bytes).
    Removing u8x8_cad.o(i.u8x8_cad_StartTransfer), (18 bytes).
    Removing u8x8_cad.o(i.u8x8_cad_empty), (84 bytes).
    Removing u8x8_cad.o(i.u8x8_cad_ld7032_i2c), (208 bytes).
    Removing u8x8_cad.o(i.u8x8_cad_ssd13xx_fast_i2c), (212 bytes).
    Removing u8x8_cad.o(i.u8x8_cad_ssd13xx_i2c), (146 bytes).
    Removing u8x8_cad.o(i.u8x8_cad_st75256_i2c), (174 bytes).
    Removing u8x8_cad.o(i.u8x8_cad_st7920_spi), (288 bytes).
    Removing u8x8_cad.o(i.u8x8_cad_uc1638_i2c), (396 bytes).
    Removing u8x8_cad.o(i.u8x8_cad_uc16xx_i2c), (308 bytes).
    Removing u8x8_cad.o(i.u8x8_cad_vsendf), (100 bytes).
    Removing u8x8_cad.o(i.u8x8_gu800_cad_110), (166 bytes).
    Removing u8x8_cad.o(i.u8x8_i2c_data_transfer), (46 bytes).
    Removing u8x8_cad.o(.bss), (16 bytes).
    Removing u8x8_cad.o(.data), (6 bytes).
    Removing u8x8_capture.o(i.u8x8_capture_get_pixel_1), (44 bytes).
    Removing u8x8_capture.o(i.u8x8_capture_get_pixel_2), (38 bytes).
    Removing u8x8_capture.o(i.u8x8_capture_write_pbm_buffer), (100 bytes).
    Removing u8x8_capture.o(i.u8x8_capture_write_pbm_pre), (56 bytes).
    Removing u8x8_capture.o(i.u8x8_capture_write_xbm_buffer), (268 bytes).
    Removing u8x8_capture.o(i.u8x8_capture_write_xbm_pre), (140 bytes).
    Removing u8x8_d_ssd1306_128x64_noname.o(i.u8x8_d_sh1106_128x64_noname), (84 bytes).
    Removing u8x8_d_ssd1306_128x64_noname.o(i.u8x8_d_sh1106_128x64_vcomh0), (84 bytes).
    Removing u8x8_d_ssd1306_128x64_noname.o(i.u8x8_d_sh1106_128x64_winstar), (84 bytes).
    Removing u8x8_d_ssd1306_128x64_noname.o(i.u8x8_d_ssd1306_128x64_alt0), (84 bytes).
    Removing u8x8_d_ssd1306_128x64_noname.o(i.u8x8_d_ssd1306_128x64_noname), (84 bytes).
    Removing u8x8_d_ssd1306_128x64_noname.o(i.u8x8_d_ssd1306_128x64_vcomh0), (84 bytes).
    Removing u8x8_d_ssd1306_128x64_noname.o(i.u8x8_d_ssd1306_sh1106_generic), (260 bytes).
    Removing u8x8_d_ssd1306_128x64_noname.o(i.u8x8_d_ssd1312_128x64_noname), (132 bytes).
    Removing u8x8_d_ssd1306_128x64_noname.o(.constdata), (344 bytes).
    Removing u8x8_debounce.o(i.u8x8_GetMenuEvent), (150 bytes).
    Removing u8x8_debounce.o(i.u8x8_find_first_diff), (44 bytes).
    Removing u8x8_debounce.o(i.u8x8_read_pin_state), (56 bytes).
    Removing u8x8_display.o(i.u8x8_ClearDisplay), (20 bytes).
    Removing u8x8_display.o(i.u8x8_ClearDisplayWithTile), (72 bytes).
    Removing u8x8_display.o(i.u8x8_ClearLine), (56 bytes).
    Removing u8x8_display.o(i.u8x8_DrawTile), (50 bytes).
    Removing u8x8_display.o(i.u8x8_FillDisplay), (32 bytes).
    Removing u8x8_display.o(i.u8x8_InitDisplay), (18 bytes).
    Removing u8x8_display.o(i.u8x8_InitInterface), (30 bytes).
    Removing u8x8_display.o(i.u8x8_RefreshDisplay), (18 bytes).
    Removing u8x8_display.o(i.u8x8_SetContrast), (20 bytes).
    Removing u8x8_display.o(i.u8x8_SetFlipMode), (20 bytes).
    Removing u8x8_display.o(i.u8x8_SetPowerSave), (20 bytes).
    Removing u8x8_display.o(i.u8x8_SetupMemory), (18 bytes).
    Removing u8x8_display.o(i.u8x8_d_helper_display_init), (96 bytes).
    Removing u8x8_display.o(i.u8x8_d_helper_display_setup_memory), (12 bytes).
    Removing u8x8_fonts.o(.constdata), (487478 bytes).
    Removing u8x8_gpio.o(i.u8x8_gpio_call), (26 bytes).
    Removing u8x8_input_value.o(i.u8x8_UserInterfaceInputValue), (372 bytes).
    Removing u8x8_message.o(i.u8x8_UserInterfaceMessage), (298 bytes).
    Removing u8x8_message.o(i.u8x8_draw_button_line), (188 bytes).
    Removing u8x8_selection_list.o(i.u8sl_Next), (48 bytes).
    Removing u8x8_selection_list.o(i.u8sl_Prev), (52 bytes).
    Removing u8x8_selection_list.o(i.u8x8_DrawSelectionList), (44 bytes).
    Removing u8x8_selection_list.o(i.u8x8_UserInterfaceSelectionList), (244 bytes).
    Removing u8x8_selection_list.o(i.u8x8_sl_string_line_cb), (100 bytes).
    Removing u8x8_setup.o(i.u8x8_Setup), (42 bytes).
    Removing u8x8_setup.o(i.u8x8_SetupDefaults), (44 bytes).
    Removing u8x8_setup.o(i.u8x8_d_null_cb), (52 bytes).
    Removing u8x8_setup.o(i.u8x8_dummy_cb), (8 bytes).
    Removing u8x8_setup.o(.constdata), (24 bytes).
    Removing u8x8_string.o(i.u8x8_CopyStringLine), (58 bytes).
    Removing u8x8_string.o(i.u8x8_DrawUTF8Line), (136 bytes).
    Removing u8x8_string.o(i.u8x8_DrawUTF8Lines), (68 bytes).
    Removing u8x8_string.o(i.u8x8_GetStringLineCnt), (36 bytes).
    Removing u8x8_string.o(i.u8x8_GetStringLineStart), (46 bytes).
    Removing u8x8_u8toa.o(i.u8x8_u8toa), (28 bytes).
    Removing u8x8_u8toa.o(i.u8x8_u8toap), (48 bytes).
    Removing u8x8_u8toa.o(.constdata), (3 bytes).
    Removing u8x8_u8toa.o(.data), (4 bytes).
    Removing u8x8_u16toa.o(i.u8x8_u16toa), (28 bytes).
    Removing u8x8_u16toa.o(i.u8x8_u16toap), (50 bytes).
    Removing u8x8_u16toa.o(i.u8x8_utoa), (34 bytes).
    Removing u8x8_u16toa.o(.data), (6 bytes).

1297 unused section(s) (total 607402 bytes) removed from the image.

==============================================================================

Image Symbol Table

    Local Symbols

    Symbol Name                              Value     Ov Type        Size  Object(Section)

    ../clib/microlib/division.c              0x00000000   Number         0  ldiv.o ABSOLUTE
    ../clib/microlib/division.c              0x00000000   Number         0  uldiv.o ABSOLUTE
    ../clib/microlib/init/entry.s            0x00000000   Number         0  entry7a.o ABSOLUTE
    ../clib/microlib/init/entry.s            0x00000000   Number         0  entry9b.o ABSOLUTE
    ../clib/microlib/init/entry.s            0x00000000   Number         0  entry5.o ABSOLUTE
    ../clib/microlib/init/entry.s            0x00000000   Number         0  entry12a.o ABSOLUTE
    ../clib/microlib/init/entry.s            0x00000000   Number         0  entry9a.o ABSOLUTE
    ../clib/microlib/init/entry.s            0x00000000   Number         0  entry.o ABSOLUTE
    ../clib/microlib/init/entry.s            0x00000000   Number         0  entry8b.o ABSOLUTE
    ../clib/microlib/init/entry.s            0x00000000   Number         0  entry8a.o ABSOLUTE
    ../clib/microlib/init/entry.s            0x00000000   Number         0  entry2.o ABSOLUTE
    ../clib/microlib/init/entry.s            0x00000000   Number         0  entry7b.o ABSOLUTE
    ../clib/microlib/init/entry.s            0x00000000   Number         0  entry12b.o ABSOLUTE
    ../clib/microlib/init/entry.s            0x00000000   Number         0  entry11b.o ABSOLUTE
    ../clib/microlib/init/entry.s            0x00000000   Number         0  entry11a.o ABSOLUTE
    ../clib/microlib/init/entry.s            0x00000000   Number         0  entry10b.o ABSOLUTE
    ../clib/microlib/init/entry.s            0x00000000   Number         0  entry10a.o ABSOLUTE
    ../clib/microlib/longlong.c              0x00000000   Number         0  llushr.o ABSOLUTE
    ../clib/microlib/longlong.c              0x00000000   Number         0  llshl.o ABSOLUTE
    ../clib/microlib/malloc/malloc.c         0x00000000   Number         0  malloca.o ABSOLUTE
    ../clib/microlib/malloc/malloc.c         0x00000000   Number         0  mallocra.o ABSOLUTE
    ../clib/microlib/malloc/malloc.c         0x00000000   Number         0  mallocr.o ABSOLUTE
    ../clib/microlib/malloc/malloc.c         0x00000000   Number         0  malloc.o ABSOLUTE
    ../clib/microlib/malloc/mvars.c          0x00000000   Number         0  mvars.o ABSOLUTE
    ../clib/microlib/string/memcpy.c         0x00000000   Number         0  memcpya.o ABSOLUTE
    ../clib/microlib/string/memcpy.c         0x00000000   Number         0  memcpyb.o ABSOLUTE
    ../clib/microlib/string/memset.c         0x00000000   Number         0  memseta.o ABSOLUTE
    BEE\\bee.c                               0x00000000   Number         0  bee.o ABSOLUTE
    BEE\bee.c                                0x00000000   Number         0  bee.o ABSOLUTE
    U8G2\mui.c                               0x00000000   Number         0  mui.o ABSOLUTE
    U8G2\mui_u8g2.c                          0x00000000   Number         0  mui_u8g2.o ABSOLUTE
    U8G2\u8g2_bitmap.c                       0x00000000   Number         0  u8g2_bitmap.o ABSOLUTE
    U8G2\u8g2_box.c                          0x00000000   Number         0  u8g2_box.o ABSOLUTE
    U8G2\u8g2_buffer.c                       0x00000000   Number         0  u8g2_buffer.o ABSOLUTE
    U8G2\u8g2_button.c                       0x00000000   Number         0  u8g2_button.o ABSOLUTE
    U8G2\u8g2_circle.c                       0x00000000   Number         0  u8g2_circle.o ABSOLUTE
    U8G2\u8g2_cleardisplay.c                 0x00000000   Number         0  u8g2_cleardisplay.o ABSOLUTE
    U8G2\u8g2_d_memory.c                     0x00000000   Number         0  u8g2_d_memory.o ABSOLUTE
    U8G2\u8g2_d_setup.c                      0x00000000   Number         0  u8g2_d_setup.o ABSOLUTE
    U8G2\u8g2_font.c                         0x00000000   Number         0  u8g2_font.o ABSOLUTE
    U8G2\u8g2_fonts.c                        0x00000000   Number         0  u8g2_fonts.o ABSOLUTE
    U8G2\u8g2_hvline.c                       0x00000000   Number         0  u8g2_hvline.o ABSOLUTE
    U8G2\u8g2_input_value.c                  0x00000000   Number         0  u8g2_input_value.o ABSOLUTE
    U8G2\u8g2_intersection.c                 0x00000000   Number         0  u8g2_intersection.o ABSOLUTE
    U8G2\u8g2_kerning.c                      0x00000000   Number         0  u8g2_kerning.o ABSOLUTE
    U8G2\u8g2_line.c                         0x00000000   Number         0  u8g2_line.o ABSOLUTE
    U8G2\u8g2_ll_hvline.c                    0x00000000   Number         0  u8g2_ll_hvline.o ABSOLUTE
    U8G2\u8g2_message.c                      0x00000000   Number         0  u8g2_message.o ABSOLUTE
    U8G2\u8g2_polygon.c                      0x00000000   Number         0  u8g2_polygon.o ABSOLUTE
    U8G2\u8g2_selection_list.c               0x00000000   Number         0  u8g2_selection_list.o ABSOLUTE
    U8G2\u8g2_setup.c                        0x00000000   Number         0  u8g2_setup.o ABSOLUTE
    U8G2\u8log.c                             0x00000000   Number         0  u8log.o ABSOLUTE
    U8G2\u8log_u8g2.c                        0x00000000   Number         0  u8log_u8g2.o ABSOLUTE
    U8G2\u8log_u8x8.c                        0x00000000   Number         0  u8log_u8x8.o ABSOLUTE
    U8G2\u8x8_8x8.c                          0x00000000   Number         0  u8x8_8x8.o ABSOLUTE
    U8G2\u8x8_byte.c                         0x00000000   Number         0  u8x8_byte.o ABSOLUTE
    U8G2\u8x8_cad.c                          0x00000000   Number         0  u8x8_cad.o ABSOLUTE
    U8G2\u8x8_capture.c                      0x00000000   Number         0  u8x8_capture.o ABSOLUTE
    U8G2\u8x8_d_ssd1306_128x64_noname.c      0x00000000   Number         0  u8x8_d_ssd1306_128x64_noname.o ABSOLUTE
    U8G2\u8x8_debounce.c                     0x00000000   Number         0  u8x8_debounce.o ABSOLUTE
    U8G2\u8x8_display.c                      0x00000000   Number         0  u8x8_display.o ABSOLUTE
    U8G2\u8x8_fonts.c                        0x00000000   Number         0  u8x8_fonts.o ABSOLUTE
    U8G2\u8x8_gpio.c                         0x00000000   Number         0  u8x8_gpio.o ABSOLUTE
    U8G2\u8x8_input_value.c                  0x00000000   Number         0  u8x8_input_value.o ABSOLUTE
    U8G2\u8x8_message.c                      0x00000000   Number         0  u8x8_message.o ABSOLUTE
    U8G2\u8x8_selection_list.c               0x00000000   Number         0  u8x8_selection_list.o ABSOLUTE
    U8G2\u8x8_setup.c                        0x00000000   Number         0  u8x8_setup.o ABSOLUTE
    U8G2\u8x8_string.c                       0x00000000   Number         0  u8x8_string.o ABSOLUTE
    U8G2\u8x8_u16toa.c                       0x00000000   Number         0  u8x8_u16toa.o ABSOLUTE
    U8G2\u8x8_u8toa.c                        0x00000000   Number         0  u8x8_u8toa.o ABSOLUTE
    core\startup_stm32f40_41xxx.s            0x00000000   Number         0  startup_stm32f40_41xxx.o ABSOLUTE
    dc.s                                     0x00000000   Number         0  dc.o ABSOLUTE
    handlers.s                               0x00000000   Number         0  handlers.o ABSOLUTE
    hw\IIC1.c                                0x00000000   Number         0  iic1.o ABSOLUTE
    hw\\IIC1.c                               0x00000000   Number         0  iic1.o ABSOLUTE
    hw\\i2c.c                                0x00000000   Number         0  i2c.o ABSOLUTE
    hw\\led.c                                0x00000000   Number         0  led.o ABSOLUTE
    hw\\oled.c                               0x00000000   Number         0  oled.o ABSOLUTE
    hw\\tim.c                                0x00000000   Number         0  tim.o ABSOLUTE
    hw\i2c.c                                 0x00000000   Number         0  i2c.o ABSOLUTE
    hw\led.c                                 0x00000000   Number         0  led.o ABSOLUTE
    hw\oled.c                                0x00000000   Number         0  oled.o ABSOLUTE
    hw\tim.c                                 0x00000000   Number         0  tim.o ABSOLUTE
    init.s                                   0x00000000   Number         0  init.o ABSOLUTE
    lib\\src\\misc.c                         0x00000000   Number         0  misc.o ABSOLUTE
    lib\\src\\stm32f4xx_adc.c                0x00000000   Number         0  stm32f4xx_adc.o ABSOLUTE
    lib\\src\\stm32f4xx_can.c                0x00000000   Number         0  stm32f4xx_can.o ABSOLUTE
    lib\\src\\stm32f4xx_cec.c                0x00000000   Number         0  stm32f4xx_cec.o ABSOLUTE
    lib\\src\\stm32f4xx_crc.c                0x00000000   Number         0  stm32f4xx_crc.o ABSOLUTE
    lib\\src\\stm32f4xx_cryp.c               0x00000000   Number         0  stm32f4xx_cryp.o ABSOLUTE
    lib\\src\\stm32f4xx_cryp_aes.c           0x00000000   Number         0  stm32f4xx_cryp_aes.o ABSOLUTE
    lib\\src\\stm32f4xx_cryp_des.c           0x00000000   Number         0  stm32f4xx_cryp_des.o ABSOLUTE
    lib\\src\\stm32f4xx_cryp_tdes.c          0x00000000   Number         0  stm32f4xx_cryp_tdes.o ABSOLUTE
    lib\\src\\stm32f4xx_dac.c                0x00000000   Number         0  stm32f4xx_dac.o ABSOLUTE
    lib\\src\\stm32f4xx_dbgmcu.c             0x00000000   Number         0  stm32f4xx_dbgmcu.o ABSOLUTE
    lib\\src\\stm32f4xx_dcmi.c               0x00000000   Number         0  stm32f4xx_dcmi.o ABSOLUTE
    lib\\src\\stm32f4xx_dfsdm.c              0x00000000   Number         0  stm32f4xx_dfsdm.o ABSOLUTE
    lib\\src\\stm32f4xx_dma.c                0x00000000   Number         0  stm32f4xx_dma.o ABSOLUTE
    lib\\src\\stm32f4xx_dma2d.c              0x00000000   Number         0  stm32f4xx_dma2d.o ABSOLUTE
    lib\\src\\stm32f4xx_dsi.c                0x00000000   Number         0  stm32f4xx_dsi.o ABSOLUTE
    lib\\src\\stm32f4xx_exti.c               0x00000000   Number         0  stm32f4xx_exti.o ABSOLUTE
    lib\\src\\stm32f4xx_flash.c              0x00000000   Number         0  stm32f4xx_flash.o ABSOLUTE
    lib\\src\\stm32f4xx_flash_ramfunc.c      0x00000000   Number         0  stm32f4xx_flash_ramfunc.o ABSOLUTE
    lib\\src\\stm32f4xx_fmpi2c.c             0x00000000   Number         0  stm32f4xx_fmpi2c.o ABSOLUTE
    lib\\src\\stm32f4xx_fsmc.c               0x00000000   Number         0  stm32f4xx_fsmc.o ABSOLUTE
    lib\\src\\stm32f4xx_gpio.c               0x00000000   Number         0  stm32f4xx_gpio.o ABSOLUTE
    lib\\src\\stm32f4xx_hash.c               0x00000000   Number         0  stm32f4xx_hash.o ABSOLUTE
    lib\\src\\stm32f4xx_hash_md5.c           0x00000000   Number         0  stm32f4xx_hash_md5.o ABSOLUTE
    lib\\src\\stm32f4xx_hash_sha1.c          0x00000000   Number         0  stm32f4xx_hash_sha1.o ABSOLUTE
    lib\\src\\stm32f4xx_i2c.c                0x00000000   Number         0  stm32f4xx_i2c.o ABSOLUTE
    lib\\src\\stm32f4xx_iwdg.c               0x00000000   Number         0  stm32f4xx_iwdg.o ABSOLUTE
    lib\\src\\stm32f4xx_lptim.c              0x00000000   Number         0  stm32f4xx_lptim.o ABSOLUTE
    lib\\src\\stm32f4xx_ltdc.c               0x00000000   Number         0  stm32f4xx_ltdc.o ABSOLUTE
    lib\\src\\stm32f4xx_pwr.c                0x00000000   Number         0  stm32f4xx_pwr.o ABSOLUTE
    lib\\src\\stm32f4xx_qspi.c               0x00000000   Number         0  stm32f4xx_qspi.o ABSOLUTE
    lib\\src\\stm32f4xx_rcc.c                0x00000000   Number         0  stm32f4xx_rcc.o ABSOLUTE
    lib\\src\\stm32f4xx_rng.c                0x00000000   Number         0  stm32f4xx_rng.o ABSOLUTE
    lib\\src\\stm32f4xx_rtc.c                0x00000000   Number         0  stm32f4xx_rtc.o ABSOLUTE
    lib\\src\\stm32f4xx_sai.c                0x00000000   Number         0  stm32f4xx_sai.o ABSOLUTE
    lib\\src\\stm32f4xx_sdio.c               0x00000000   Number         0  stm32f4xx_sdio.o ABSOLUTE
    lib\\src\\stm32f4xx_spdifrx.c            0x00000000   Number         0  stm32f4xx_spdifrx.o ABSOLUTE
    lib\\src\\stm32f4xx_spi.c                0x00000000   Number         0  stm32f4xx_spi.o ABSOLUTE
    lib\\src\\stm32f4xx_syscfg.c             0x00000000   Number         0  stm32f4xx_syscfg.o ABSOLUTE
    lib\\src\\stm32f4xx_tim.c                0x00000000   Number         0  stm32f4xx_tim.o ABSOLUTE
    lib\\src\\stm32f4xx_usart.c              0x00000000   Number         0  stm32f4xx_usart.o ABSOLUTE
    lib\\src\\stm32f4xx_wwdg.c               0x00000000   Number         0  stm32f4xx_wwdg.o ABSOLUTE
    lib\src\misc.c                           0x00000000   Number         0  misc.o ABSOLUTE
    lib\src\stm32f4xx_adc.c                  0x00000000   Number         0  stm32f4xx_adc.o ABSOLUTE
    lib\src\stm32f4xx_can.c                  0x00000000   Number         0  stm32f4xx_can.o ABSOLUTE
    lib\src\stm32f4xx_cec.c                  0x00000000   Number         0  stm32f4xx_cec.o ABSOLUTE
    lib\src\stm32f4xx_crc.c                  0x00000000   Number         0  stm32f4xx_crc.o ABSOLUTE
    lib\src\stm32f4xx_cryp.c                 0x00000000   Number         0  stm32f4xx_cryp.o ABSOLUTE
    lib\src\stm32f4xx_cryp_aes.c             0x00000000   Number         0  stm32f4xx_cryp_aes.o ABSOLUTE
    lib\src\stm32f4xx_cryp_des.c             0x00000000   Number         0  stm32f4xx_cryp_des.o ABSOLUTE
    lib\src\stm32f4xx_cryp_tdes.c            0x00000000   Number         0  stm32f4xx_cryp_tdes.o ABSOLUTE
    lib\src\stm32f4xx_dac.c                  0x00000000   Number         0  stm32f4xx_dac.o ABSOLUTE
    lib\src\stm32f4xx_dbgmcu.c               0x00000000   Number         0  stm32f4xx_dbgmcu.o ABSOLUTE
    lib\src\stm32f4xx_dcmi.c                 0x00000000   Number         0  stm32f4xx_dcmi.o ABSOLUTE
    lib\src\stm32f4xx_dfsdm.c                0x00000000   Number         0  stm32f4xx_dfsdm.o ABSOLUTE
    lib\src\stm32f4xx_dma.c                  0x00000000   Number         0  stm32f4xx_dma.o ABSOLUTE
    lib\src\stm32f4xx_dma2d.c                0x00000000   Number         0  stm32f4xx_dma2d.o ABSOLUTE
    lib\src\stm32f4xx_dsi.c                  0x00000000   Number         0  stm32f4xx_dsi.o ABSOLUTE
    lib\src\stm32f4xx_exti.c                 0x00000000   Number         0  stm32f4xx_exti.o ABSOLUTE
    lib\src\stm32f4xx_flash.c                0x00000000   Number         0  stm32f4xx_flash.o ABSOLUTE
    lib\src\stm32f4xx_flash_ramfunc.c        0x00000000   Number         0  stm32f4xx_flash_ramfunc.o ABSOLUTE
    lib\src\stm32f4xx_fmpi2c.c               0x00000000   Number         0  stm32f4xx_fmpi2c.o ABSOLUTE
    lib\src\stm32f4xx_fsmc.c                 0x00000000   Number         0  stm32f4xx_fsmc.o ABSOLUTE
    lib\src\stm32f4xx_gpio.c                 0x00000000   Number         0  stm32f4xx_gpio.o ABSOLUTE
    lib\src\stm32f4xx_hash.c                 0x00000000   Number         0  stm32f4xx_hash.o ABSOLUTE
    lib\src\stm32f4xx_hash_md5.c             0x00000000   Number         0  stm32f4xx_hash_md5.o ABSOLUTE
    lib\src\stm32f4xx_hash_sha1.c            0x00000000   Number         0  stm32f4xx_hash_sha1.o ABSOLUTE
    lib\src\stm32f4xx_i2c.c                  0x00000000   Number         0  stm32f4xx_i2c.o ABSOLUTE
    lib\src\stm32f4xx_iwdg.c                 0x00000000   Number         0  stm32f4xx_iwdg.o ABSOLUTE
    lib\src\stm32f4xx_lptim.c                0x00000000   Number         0  stm32f4xx_lptim.o ABSOLUTE
    lib\src\stm32f4xx_ltdc.c                 0x00000000   Number         0  stm32f4xx_ltdc.o ABSOLUTE
    lib\src\stm32f4xx_pwr.c                  0x00000000   Number         0  stm32f4xx_pwr.o ABSOLUTE
    lib\src\stm32f4xx_qspi.c                 0x00000000   Number         0  stm32f4xx_qspi.o ABSOLUTE
    lib\src\stm32f4xx_rcc.c                  0x00000000   Number         0  stm32f4xx_rcc.o ABSOLUTE
    lib\src\stm32f4xx_rng.c                  0x00000000   Number         0  stm32f4xx_rng.o ABSOLUTE
    lib\src\stm32f4xx_rtc.c                  0x00000000   Number         0  stm32f4xx_rtc.o ABSOLUTE
    lib\src\stm32f4xx_sai.c                  0x00000000   Number         0  stm32f4xx_sai.o ABSOLUTE
    lib\src\stm32f4xx_sdio.c                 0x00000000   Number         0  stm32f4xx_sdio.o ABSOLUTE
    lib\src\stm32f4xx_spdifrx.c              0x00000000   Number         0  stm32f4xx_spdifrx.o ABSOLUTE
    lib\src\stm32f4xx_spi.c                  0x00000000   Number         0  stm32f4xx_spi.o ABSOLUTE
    lib\src\stm32f4xx_syscfg.c               0x00000000   Number         0  stm32f4xx_syscfg.o ABSOLUTE
    lib\src\stm32f4xx_tim.c                  0x00000000   Number         0  stm32f4xx_tim.o ABSOLUTE
    lib\src\stm32f4xx_usart.c                0x00000000   Number         0  stm32f4xx_usart.o ABSOLUTE
    lib\src\stm32f4xx_wwdg.c                 0x00000000   Number         0  stm32f4xx_wwdg.o ABSOLUTE
    sys\\delay.c                             0x00000000   Number         0  delay.o ABSOLUTE
    sys\\sys.c                               0x00000000   Number         0  sys.o ABSOLUTE
    sys\delay.c                              0x00000000   Number         0  delay.o ABSOLUTE
    sys\sys.c                                0x00000000   Number         0  sys.o ABSOLUTE
    usr\\main.c                              0x00000000   Number         0  main.o ABSOLUTE
    usr\\stm32f4xx_it.c                      0x00000000   Number         0  stm32f4xx_it.o ABSOLUTE
    usr\\system_stm32f4xx.c                  0x00000000   Number         0  system_stm32f4xx.o ABSOLUTE
    usr\main.c                               0x00000000   Number         0  main.o ABSOLUTE
    usr\stm32f4xx_it.c                       0x00000000   Number         0  stm32f4xx_it.o ABSOLUTE
    usr\system_stm32f4xx.c                   0x00000000   Number         0  system_stm32f4xx.o ABSOLUTE
    RESET                                    0x08000000   Section      392  startup_stm32f40_41xxx.o(RESET)
    .ARM.Collect$$$$00000000                 0x08000188   Section        0  entry.o(.ARM.Collect$$$$00000000)
    .ARM.Collect$$$$00000001                 0x08000188   Section        4  entry2.o(.ARM.Collect$$$$00000001)
    .ARM.Collect$$$$00000004                 0x0800018c   Section        4  entry5.o(.ARM.Collect$$$$00000004)
    .ARM.Collect$$$$00000008                 0x08000190   Section        0  entry7b.o(.ARM.Collect$$$$00000008)
    .ARM.Collect$$$$0000000A                 0x08000190   Section        0  entry8b.o(.ARM.Collect$$$$0000000A)
    .ARM.Collect$$$$0000000B                 0x08000190   Section        8  entry9a.o(.ARM.Collect$$$$0000000B)
    .ARM.Collect$$$$0000000E                 0x08000198   Section        4  entry12b.o(.ARM.Collect$$$$0000000E)
    .ARM.Collect$$$$0000000F                 0x0800019c   Section        0  entry10a.o(.ARM.Collect$$$$0000000F)
    .ARM.Collect$$$$00000011                 0x0800019c   Section        0  entry11a.o(.ARM.Collect$$$$00000011)
    .ARM.Collect$$$$00002712                 0x0800019c   Section        4  entry2.o(.ARM.Collect$$$$00002712)
    __lit__00000000                          0x0800019c   Data           4  entry2.o(.ARM.Collect$$$$00002712)
    .text                                    0x080001a0   Section       36  startup_stm32f40_41xxx.o(.text)
    $v0                                      0x080001a0   Number         0  startup_stm32f40_41xxx.o(.text)
    .text                                    0x080001c4   Section        0  ldiv.o(.text)
    .text                                    0x08000226   Section        0  uldiv.o(.text)
    .text                                    0x08000288   Section       36  init.o(.text)
    .text                                    0x080002ac   Section        0  llshl.o(.text)
    .text                                    0x080002ca   Section        0  llushr.o(.text)
    i.BusFault_Handler                       0x080002ea   Section        0  stm32f4xx_it.o(i.BusFault_Handler)
    i.DebugMon_Handler                       0x080002ee   Section        0  stm32f4xx_it.o(i.DebugMon_Handler)
    i.GPIO_Init                              0x080002f0   Section        0  stm32f4xx_gpio.o(i.GPIO_Init)
    i.GPIO_PinAFConfig                       0x08000380   Section        0  stm32f4xx_gpio.o(i.GPIO_PinAFConfig)
    i.HardFault_Handler                      0x080003c6   Section        0  stm32f4xx_it.o(i.HardFault_Handler)
    i.I2C1_Init                              0x080003cc   Section        0  iic1.o(i.I2C1_Init)
    i.I2C1_SendData                          0x0800045c   Section        0  iic1.o(i.I2C1_SendData)
    i.I2C1_Start                             0x080004b8   Section        0  iic1.o(i.I2C1_Start)
    i.I2C1_Stop                              0x080004ec   Section        0  iic1.o(i.I2C1_Stop)
    i.I2C_CheckEvent                         0x08000510   Section        0  stm32f4xx_i2c.o(i.I2C_CheckEvent)
    i.I2C_Cmd                                0x0800054e   Section        0  stm32f4xx_i2c.o(i.I2C_Cmd)
    i.I2C_GenerateSTART                      0x08000566   Section        0  stm32f4xx_i2c.o(i.I2C_GenerateSTART)
    i.I2C_GenerateSTOP                       0x0800057e   Section        0  stm32f4xx_i2c.o(i.I2C_GenerateSTOP)
    i.I2C_GetFlagStatus                      0x08000596   Section        0  stm32f4xx_i2c.o(i.I2C_GetFlagStatus)
    i.I2C_Init                               0x080005d0   Section        0  stm32f4xx_i2c.o(i.I2C_Init)
    i.I2C_Send7bitAddress                    0x080006b8   Section        0  stm32f4xx_i2c.o(i.I2C_Send7bitAddress)
    i.I2C_SendData                           0x080006c8   Section        0  stm32f4xx_i2c.o(i.I2C_SendData)
    i.MemManage_Handler                      0x080006cc   Section        0  stm32f4xx_it.o(i.MemManage_Handler)
    i.NMI_Handler                            0x080006d0   Section        0  stm32f4xx_it.o(i.NMI_Handler)
    i.NVIC_Init                              0x080006d4   Section        0  misc.o(i.NVIC_Init)
    i.OLED_Clear                             0x0800074c   Section        0  oled.o(i.OLED_Clear)
    i.OLED_I2C_Init                          0x08000776   Section        0  oled.o(i.OLED_I2C_Init)
    i.OLED_Init                              0x0800077e   Section        0  oled.o(i.OLED_Init)
    i.OLED_Pow                               0x0800082c   Section        0  oled.o(i.OLED_Pow)
    i.OLED_SetCursor                         0x08000840   Section        0  oled.o(i.OLED_SetCursor)
    i.OLED_ShowChar                          0x08000864   Section        0  oled.o(i.OLED_ShowChar)
    i.OLED_ShowNum                           0x080008d8   Section        0  oled.o(i.OLED_ShowNum)
    i.OLED_WriteCommand                      0x080009a2   Section        0  oled.o(i.OLED_WriteCommand)
    i.OLED_WriteData                         0x080009bc   Section        0  oled.o(i.OLED_WriteData)
    i.OLED_display_time                      0x080009dc   Section        0  main.o(i.OLED_display_time)
    i.PendSV_Handler                         0x08000a98   Section        0  stm32f4xx_it.o(i.PendSV_Handler)
    i.RCC_AHB1PeriphClockCmd                 0x08000a9c   Section        0  stm32f4xx_rcc.o(i.RCC_AHB1PeriphClockCmd)
    i.RCC_APB1PeriphClockCmd                 0x08000abc   Section        0  stm32f4xx_rcc.o(i.RCC_APB1PeriphClockCmd)
    i.RCC_GetClocksFreq                      0x08000adc   Section        0  stm32f4xx_rcc.o(i.RCC_GetClocksFreq)
    i.SVC_Handler                            0x08000bc4   Section        0  stm32f4xx_it.o(i.SVC_Handler)
    i.SetSysClock                            0x08000bc8   Section        0  system_stm32f4xx.o(i.SetSysClock)
    SetSysClock                              0x08000bc9   Thumb Code   220  system_stm32f4xx.o(i.SetSysClock)
    i.SysTick_Handler                        0x08000cb4   Section        0  stm32f4xx_it.o(i.SysTick_Handler)
    i.SystemInit                             0x08000cbc   Section        0  system_stm32f4xx.o(i.SystemInit)
    i.TIM3_IRQHandler                        0x08000d24   Section        0  tim.o(i.TIM3_IRQHandler)
    i.TIM3_Init                              0x08000d50   Section        0  tim.o(i.TIM3_Init)
    i.TIM_ClearITPendingBit                  0x08000db8   Section        0  stm32f4xx_tim.o(i.TIM_ClearITPendingBit)
    i.TIM_Cmd                                0x08000dbe   Section        0  stm32f4xx_tim.o(i.TIM_Cmd)
    i.TIM_GetITStatus                        0x08000dd6   Section        0  stm32f4xx_tim.o(i.TIM_GetITStatus)
    i.TIM_ITConfig                           0x08000df8   Section        0  stm32f4xx_tim.o(i.TIM_ITConfig)
    i.TIM_TimeBaseInit                       0x08000e0c   Section        0  stm32f4xx_tim.o(i.TIM_TimeBaseInit)
    i.Time_calculation                       0x08000e90   Section        0  main.o(i.Time_calculation)
    i.TimingDelay_Decrement                  0x08000ee0   Section        0  stm32f4xx_it.o(i.TimingDelay_Decrement)
    i.UsageFault_Handler                     0x08000ef8   Section        0  stm32f4xx_it.o(i.UsageFault_Handler)
    i.__scatterload_copy                     0x08000efc   Section       14  handlers.o(i.__scatterload_copy)
    i.__scatterload_null                     0x08000f0a   Section        2  handlers.o(i.__scatterload_null)
    i.__scatterload_zeroinit                 0x08000f0c   Section       14  handlers.o(i.__scatterload_zeroinit)
    i.main                                   0x08000f1a   Section        0  main.o(i.main)
    .constdata                               0x08000f36   Section     1520  oled.o(.constdata)
    .data                                    0x20000000   Section       16  stm32f4xx_rcc.o(.data)
    APBAHBPrescTable                         0x20000000   Data          16  stm32f4xx_rcc.o(.data)
    .data                                    0x20000010   Section       12  main.o(.data)
    .data                                    0x2000001c   Section        4  stm32f4xx_it.o(.data)
    uwTimingDelay                            0x2000001c   Data           4  stm32f4xx_it.o(.data)
    STACK                                    0x20000020   Section     1024  startup_stm32f40_41xxx.o(STACK)

    Global Symbols

    Symbol Name                              Value     Ov Type        Size  Object(Section)

    BuildAttributes$$THM_ISAv4$E$P$D$K$B$S$7EM$VFPi3$EXTD16$VFPS$VFMA$PE$A:L22UL41UL21$X:L11$S22US41US21$IEEE1$IW$USESV6$~STKCKD$USESV7$~SHL$OSPACE$EBA8$MICROLIB$REQ8$PRES8$EABIv2 0x00000000   Number         0  anon$$obj.o ABSOLUTE
    __ARM_use_no_argv                        0x00000000   Number         0  main.o ABSOLUTE
    __arm_fini_                               - Undefined Weak Reference
    __cpp_initialize__aeabi_                  - Undefined Weak Reference
    __cxa_finalize                            - Undefined Weak Reference
    __decompress                              - Undefined Weak Reference
    _clock_init                               - Undefined Weak Reference
    _microlib_exit                            - Undefined Weak Reference
    __Vectors_Size                           0x00000188   Number         0  startup_stm32f40_41xxx.o ABSOLUTE
    __Vectors                                0x08000000   Data           4  startup_stm32f40_41xxx.o(RESET)
    __Vectors_End                            0x08000188   Data           0  startup_stm32f40_41xxx.o(RESET)
    __main                                   0x08000189   Thumb Code     0  entry.o(.ARM.Collect$$$$00000000)
    _main_stk                                0x08000189   Thumb Code     0  entry2.o(.ARM.Collect$$$$00000001)
    _main_scatterload                        0x0800018d   Thumb Code     0  entry5.o(.ARM.Collect$$$$00000004)
    __main_after_scatterload                 0x08000191   Thumb Code     0  entry5.o(.ARM.Collect$$$$00000004)
    _main_clock                              0x08000191   Thumb Code     0  entry7b.o(.ARM.Collect$$$$00000008)
    _main_cpp_init                           0x08000191   Thumb Code     0  entry8b.o(.ARM.Collect$$$$0000000A)
    _main_init                               0x08000191   Thumb Code     0  entry9a.o(.ARM.Collect$$$$0000000B)
    __rt_lib_shutdown_fini                   0x08000199   Thumb Code     0  entry12b.o(.ARM.Collect$$$$0000000E)
    __rt_final_cpp                           0x0800019d   Thumb Code     0  entry10a.o(.ARM.Collect$$$$0000000F)
    __rt_final_exit                          0x0800019d   Thumb Code     0  entry11a.o(.ARM.Collect$$$$00000011)
    Reset_Handler                            0x080001a1   Thumb Code     8  startup_stm32f40_41xxx.o(.text)
    ADC_IRQHandler                           0x080001bb   Thumb Code     0  startup_stm32f40_41xxx.o(.text)
    CAN1_RX0_IRQHandler                      0x080001bb   Thumb Code     0  startup_stm32f40_41xxx.o(.text)
    CAN1_RX1_IRQHandler                      0x080001bb   Thumb Code     0  startup_stm32f40_41xxx.o(.text)
    CAN1_SCE_IRQHandler                      0x080001bb   Thumb Code     0  startup_stm32f40_41xxx.o(.text)
    CAN1_TX_IRQHandler                       0x080001bb   Thumb Code     0  startup_stm32f40_41xxx.o(.text)
    CAN2_RX0_IRQHandler                      0x080001bb   Thumb Code     0  startup_stm32f40_41xxx.o(.text)
    CAN2_RX1_IRQHandler                      0x080001bb   Thumb Code     0  startup_stm32f40_41xxx.o(.text)
    CAN2_SCE_IRQHandler                      0x080001bb   Thumb Code     0  startup_stm32f40_41xxx.o(.text)
    CAN2_TX_IRQHandler                       0x080001bb   Thumb Code     0  startup_stm32f40_41xxx.o(.text)
    CRYP_IRQHandler                          0x080001bb   Thumb Code     0  startup_stm32f40_41xxx.o(.text)
    DCMI_IRQHandler                          0x080001bb   Thumb Code     0  startup_stm32f40_41xxx.o(.text)
    DMA1_Stream0_IRQHandler                  0x080001bb   Thumb Code     0  startup_stm32f40_41xxx.o(.text)
    DMA1_Stream1_IRQHandler                  0x080001bb   Thumb Code     0  startup_stm32f40_41xxx.o(.text)
    DMA1_Stream2_IRQHandler                  0x080001bb   Thumb Code     0  startup_stm32f40_41xxx.o(.text)
    DMA1_Stream3_IRQHandler                  0x080001bb   Thumb Code     0  startup_stm32f40_41xxx.o(.text)
    DMA1_Stream4_IRQHandler                  0x080001bb   Thumb Code     0  startup_stm32f40_41xxx.o(.text)
    DMA1_Stream5_IRQHandler                  0x080001bb   Thumb Code     0  startup_stm32f40_41xxx.o(.text)
    DMA1_Stream6_IRQHandler                  0x080001bb   Thumb Code     0  startup_stm32f40_41xxx.o(.text)
    DMA1_Stream7_IRQHandler                  0x080001bb   Thumb Code     0  startup_stm32f40_41xxx.o(.text)
    DMA2_Stream0_IRQHandler                  0x080001bb   Thumb Code     0  startup_stm32f40_41xxx.o(.text)
    DMA2_Stream1_IRQHandler                  0x080001bb   Thumb Code     0  startup_stm32f40_41xxx.o(.text)
    DMA2_Stream2_IRQHandler                  0x080001bb   Thumb Code     0  startup_stm32f40_41xxx.o(.text)
    DMA2_Stream3_IRQHandler                  0x080001bb   Thumb Code     0  startup_stm32f40_41xxx.o(.text)
    DMA2_Stream4_IRQHandler                  0x080001bb   Thumb Code     0  startup_stm32f40_41xxx.o(.text)
    DMA2_Stream5_IRQHandler                  0x080001bb   Thumb Code     0  startup_stm32f40_41xxx.o(.text)
    DMA2_Stream6_IRQHandler                  0x080001bb   Thumb Code     0  startup_stm32f40_41xxx.o(.text)
    DMA2_Stream7_IRQHandler                  0x080001bb   Thumb Code     0  startup_stm32f40_41xxx.o(.text)
    ETH_IRQHandler                           0x080001bb   Thumb Code     0  startup_stm32f40_41xxx.o(.text)
    ETH_WKUP_IRQHandler                      0x080001bb   Thumb Code     0  startup_stm32f40_41xxx.o(.text)
    EXTI0_IRQHandler                         0x080001bb   Thumb Code     0  startup_stm32f40_41xxx.o(.text)
    EXTI15_10_IRQHandler                     0x080001bb   Thumb Code     0  startup_stm32f40_41xxx.o(.text)
    EXTI1_IRQHandler                         0x080001bb   Thumb Code     0  startup_stm32f40_41xxx.o(.text)
    EXTI2_IRQHandler                         0x080001bb   Thumb Code     0  startup_stm32f40_41xxx.o(.text)
    EXTI3_IRQHandler                         0x080001bb   Thumb Code     0  startup_stm32f40_41xxx.o(.text)
    EXTI4_IRQHandler                         0x080001bb   Thumb Code     0  startup_stm32f40_41xxx.o(.text)
    EXTI9_5_IRQHandler                       0x080001bb   Thumb Code     0  startup_stm32f40_41xxx.o(.text)
    FLASH_IRQHandler                         0x080001bb   Thumb Code     0  startup_stm32f40_41xxx.o(.text)
    FPU_IRQHandler                           0x080001bb   Thumb Code     0  startup_stm32f40_41xxx.o(.text)
    FSMC_IRQHandler                          0x080001bb   Thumb Code     0  startup_stm32f40_41xxx.o(.text)
    HASH_RNG_IRQHandler                      0x080001bb   Thumb Code     0  startup_stm32f40_41xxx.o(.text)
    I2C1_ER_IRQHandler                       0x080001bb   Thumb Code     0  startup_stm32f40_41xxx.o(.text)
    I2C1_EV_IRQHandler                       0x080001bb   Thumb Code     0  startup_stm32f40_41xxx.o(.text)
    I2C2_ER_IRQHandler                       0x080001bb   Thumb Code     0  startup_stm32f40_41xxx.o(.text)
    I2C2_EV_IRQHandler                       0x080001bb   Thumb Code     0  startup_stm32f40_41xxx.o(.text)
    I2C3_ER_IRQHandler                       0x080001bb   Thumb Code     0  startup_stm32f40_41xxx.o(.text)
    I2C3_EV_IRQHandler                       0x080001bb   Thumb Code     0  startup_stm32f40_41xxx.o(.text)
    OTG_FS_IRQHandler                        0x080001bb   Thumb Code     0  startup_stm32f40_41xxx.o(.text)
    OTG_FS_WKUP_IRQHandler                   0x080001bb   Thumb Code     0  startup_stm32f40_41xxx.o(.text)
    OTG_HS_EP1_IN_IRQHandler                 0x080001bb   Thumb Code     0  startup_stm32f40_41xxx.o(.text)
    OTG_HS_EP1_OUT_IRQHandler                0x080001bb   Thumb Code     0  startup_stm32f40_41xxx.o(.text)
    OTG_HS_IRQHandler                        0x080001bb   Thumb Code     0  startup_stm32f40_41xxx.o(.text)
    OTG_HS_WKUP_IRQHandler                   0x080001bb   Thumb Code     0  startup_stm32f40_41xxx.o(.text)
    PVD_IRQHandler                           0x080001bb   Thumb Code     0  startup_stm32f40_41xxx.o(.text)
    RCC_IRQHandler                           0x080001bb   Thumb Code     0  startup_stm32f40_41xxx.o(.text)
    RTC_Alarm_IRQHandler                     0x080001bb   Thumb Code     0  startup_stm32f40_41xxx.o(.text)
    RTC_WKUP_IRQHandler                      0x080001bb   Thumb Code     0  startup_stm32f40_41xxx.o(.text)
    SDIO_IRQHandler                          0x080001bb   Thumb Code     0  startup_stm32f40_41xxx.o(.text)
    SPI1_IRQHandler                          0x080001bb   Thumb Code     0  startup_stm32f40_41xxx.o(.text)
    SPI2_IRQHandler                          0x080001bb   Thumb Code     0  startup_stm32f40_41xxx.o(.text)
    SPI3_IRQHandler                          0x080001bb   Thumb Code     0  startup_stm32f40_41xxx.o(.text)
    TAMP_STAMP_IRQHandler                    0x080001bb   Thumb Code     0  startup_stm32f40_41xxx.o(.text)
    TIM1_BRK_TIM9_IRQHandler                 0x080001bb   Thumb Code     0  startup_stm32f40_41xxx.o(.text)
    TIM1_CC_IRQHandler                       0x080001bb   Thumb Code     0  startup_stm32f40_41xxx.o(.text)
    TIM1_TRG_COM_TIM11_IRQHandler            0x080001bb   Thumb Code     0  startup_stm32f40_41xxx.o(.text)
    TIM1_UP_TIM10_IRQHandler                 0x080001bb   Thumb Code     0  startup_stm32f40_41xxx.o(.text)
    TIM2_IRQHandler                          0x080001bb   Thumb Code     0  startup_stm32f40_41xxx.o(.text)
    TIM4_IRQHandler                          0x080001bb   Thumb Code     0  startup_stm32f40_41xxx.o(.text)
    TIM5_IRQHandler                          0x080001bb   Thumb Code     0  startup_stm32f40_41xxx.o(.text)
    TIM6_DAC_IRQHandler                      0x080001bb   Thumb Code     0  startup_stm32f40_41xxx.o(.text)
    TIM7_IRQHandler                          0x080001bb   Thumb Code     0  startup_stm32f40_41xxx.o(.text)
    TIM8_BRK_TIM12_IRQHandler                0x080001bb   Thumb Code     0  startup_stm32f40_41xxx.o(.text)
    TIM8_CC_IRQHandler                       0x080001bb   Thumb Code     0  startup_stm32f40_41xxx.o(.text)
    TIM8_TRG_COM_TIM14_IRQHandler            0x080001bb   Thumb Code     0  startup_stm32f40_41xxx.o(.text)
    TIM8_UP_TIM13_IRQHandler                 0x080001bb   Thumb Code     0  startup_stm32f40_41xxx.o(.text)
    UART4_IRQHandler                         0x080001bb   Thumb Code     0  startup_stm32f40_41xxx.o(.text)
    UART5_IRQHandler                         0x080001bb   Thumb Code     0  startup_stm32f40_41xxx.o(.text)
    USART1_IRQHandler                        0x080001bb   Thumb Code     0  startup_stm32f40_41xxx.o(.text)
    USART2_IRQHandler                        0x080001bb   Thumb Code     0  startup_stm32f40_41xxx.o(.text)
    USART3_IRQHandler                        0x080001bb   Thumb Code     0  startup_stm32f40_41xxx.o(.text)
    USART6_IRQHandler                        0x080001bb   Thumb Code     0  startup_stm32f40_41xxx.o(.text)
    WWDG_IRQHandler                          0x080001bb   Thumb Code     0  startup_stm32f40_41xxx.o(.text)
    __aeabi_ldivmod                          0x080001c5   Thumb Code    98  ldiv.o(.text)
    __aeabi_uldivmod                         0x08000227   Thumb Code    98  uldiv.o(.text)
    __scatterload                            0x08000289   Thumb Code    28  init.o(.text)
    __scatterload_rt2                        0x08000289   Thumb Code     0  init.o(.text)
    __aeabi_llsl                             0x080002ad   Thumb Code    30  llshl.o(.text)
    _ll_shift_l                              0x080002ad   Thumb Code     0  llshl.o(.text)
    __aeabi_llsr                             0x080002cb   Thumb Code    32  llushr.o(.text)
    _ll_ushift_r                             0x080002cb   Thumb Code     0  llushr.o(.text)
    BusFault_Handler                         0x080002eb   Thumb Code     4  stm32f4xx_it.o(i.BusFault_Handler)
    DebugMon_Handler                         0x080002ef   Thumb Code     2  stm32f4xx_it.o(i.DebugMon_Handler)
    GPIO_Init                                0x080002f1   Thumb Code   144  stm32f4xx_gpio.o(i.GPIO_Init)
    GPIO_PinAFConfig                         0x08000381   Thumb Code    70  stm32f4xx_gpio.o(i.GPIO_PinAFConfig)
    HardFault_Handler                        0x080003c7   Thumb Code     4  stm32f4xx_it.o(i.HardFault_Handler)
    I2C1_Init                                0x080003cd   Thumb Code   132  iic1.o(i.I2C1_Init)
    I2C1_SendData                            0x0800045d   Thumb Code    82  iic1.o(i.I2C1_SendData)
    I2C1_Start                               0x080004b9   Thumb Code    42  iic1.o(i.I2C1_Start)
    I2C1_Stop                                0x080004ed   Thumb Code    26  iic1.o(i.I2C1_Stop)
    I2C_CheckEvent                           0x08000511   Thumb Code    62  stm32f4xx_i2c.o(i.I2C_CheckEvent)
    I2C_Cmd                                  0x0800054f   Thumb Code    24  stm32f4xx_i2c.o(i.I2C_Cmd)
    I2C_GenerateSTART                        0x08000567   Thumb Code    24  stm32f4xx_i2c.o(i.I2C_GenerateSTART)
    I2C_GenerateSTOP                         0x0800057f   Thumb Code    24  stm32f4xx_i2c.o(i.I2C_GenerateSTOP)
    I2C_GetFlagStatus                        0x08000597   Thumb Code    58  stm32f4xx_i2c.o(i.I2C_GetFlagStatus)
    I2C_Init                                 0x080005d1   Thumb Code   218  stm32f4xx_i2c.o(i.I2C_Init)
    I2C_Send7bitAddress                      0x080006b9   Thumb Code    16  stm32f4xx_i2c.o(i.I2C_Send7bitAddress)
    I2C_SendData                             0x080006c9   Thumb Code     4  stm32f4xx_i2c.o(i.I2C_SendData)
    MemManage_Handler                        0x080006cd   Thumb Code     4  stm32f4xx_it.o(i.MemManage_Handler)
    NMI_Handler                              0x080006d1   Thumb Code     2  stm32f4xx_it.o(i.NMI_Handler)
    NVIC_Init                                0x080006d5   Thumb Code   106  misc.o(i.NVIC_Init)
    OLED_Clear                               0x0800074d   Thumb Code    42  oled.o(i.OLED_Clear)
    OLED_I2C_Init                            0x08000777   Thumb Code     8  oled.o(i.OLED_I2C_Init)
    OLED_Init                                0x0800077f   Thumb Code   174  oled.o(i.OLED_Init)
    OLED_Pow                                 0x0800082d   Thumb Code    20  oled.o(i.OLED_Pow)
    OLED_SetCursor                           0x08000841   Thumb Code    34  oled.o(i.OLED_SetCursor)
    OLED_ShowChar                            0x08000865   Thumb Code   110  oled.o(i.OLED_ShowChar)
    OLED_ShowNum                             0x080008d9   Thumb Code   202  oled.o(i.OLED_ShowNum)
    OLED_WriteCommand                        0x080009a3   Thumb Code    24  oled.o(i.OLED_WriteCommand)
    OLED_WriteData                           0x080009bd   Thumb Code    26  oled.o(i.OLED_WriteData)
    OLED_display_time                        0x080009dd   Thumb Code   174  main.o(i.OLED_display_time)
    PendSV_Handler                           0x08000a99   Thumb Code     2  stm32f4xx_it.o(i.PendSV_Handler)
    RCC_AHB1PeriphClockCmd                   0x08000a9d   Thumb Code    26  stm32f4xx_rcc.o(i.RCC_AHB1PeriphClockCmd)
    RCC_APB1PeriphClockCmd                   0x08000abd   Thumb Code    26  stm32f4xx_rcc.o(i.RCC_APB1PeriphClockCmd)
    RCC_GetClocksFreq                        0x08000add   Thumb Code   214  stm32f4xx_rcc.o(i.RCC_GetClocksFreq)
    SVC_Handler                              0x08000bc5   Thumb Code     2  stm32f4xx_it.o(i.SVC_Handler)
    SysTick_Handler                          0x08000cb5   Thumb Code     8  stm32f4xx_it.o(i.SysTick_Handler)
    SystemInit                               0x08000cbd   Thumb Code    88  system_stm32f4xx.o(i.SystemInit)
    TIM3_IRQHandler                          0x08000d25   Thumb Code    34  tim.o(i.TIM3_IRQHandler)
    TIM3_Init                                0x08000d51   Thumb Code    98  tim.o(i.TIM3_Init)
    TIM_ClearITPendingBit                    0x08000db9   Thumb Code     6  stm32f4xx_tim.o(i.TIM_ClearITPendingBit)
    TIM_Cmd                                  0x08000dbf   Thumb Code    24  stm32f4xx_tim.o(i.TIM_Cmd)
    TIM_GetITStatus                          0x08000dd7   Thumb Code    34  stm32f4xx_tim.o(i.TIM_GetITStatus)
    TIM_ITConfig                             0x08000df9   Thumb Code    18  stm32f4xx_tim.o(i.TIM_ITConfig)
    TIM_TimeBaseInit                         0x08000e0d   Thumb Code   104  stm32f4xx_tim.o(i.TIM_TimeBaseInit)
    Time_calculation                         0x08000e91   Thumb Code    68  main.o(i.Time_calculation)
    TimingDelay_Decrement                    0x08000ee1   Thumb Code    18  stm32f4xx_it.o(i.TimingDelay_Decrement)
    UsageFault_Handler                       0x08000ef9   Thumb Code     4  stm32f4xx_it.o(i.UsageFault_Handler)
    __scatterload_copy                       0x08000efd   Thumb Code    14  handlers.o(i.__scatterload_copy)
    __scatterload_null                       0x08000f0b   Thumb Code     2  handlers.o(i.__scatterload_null)
    __scatterload_zeroinit                   0x08000f0d   Thumb Code    14  handlers.o(i.__scatterload_zeroinit)
    main                                     0x08000f1b   Thumb Code    28  main.o(i.main)
    OLED_F8x16                               0x08000f36   Data        1520  oled.o(.constdata)
    Region$$Table$$Base                      0x08001528   Number         0  anon$$obj.o(Region$$Table)
    Region$$Table$$Limit                     0x08001548   Number         0  anon$$obj.o(Region$$Table)
    hours                                    0x20000010   Data           4  main.o(.data)
    minutes                                  0x20000014   Data           4  main.o(.data)
    seconds                                  0x20000018   Data           4  main.o(.data)
    __initial_sp                             0x20000420   Data           0  startup_stm32f40_41xxx.o(STACK)



==============================================================================

Memory Map of the image

  Image Entry point : 0x08000189

  Load Region LR_IROM1 (Base: 0x08000000, Size: 0x00001568, Max: 0x00080000, ABSOLUTE)

    Execution Region ER_IROM1 (Exec base: 0x08000000, Load base: 0x08000000, Size: 0x00001548, Max: 0x00080000, ABSOLUTE)

    Exec Addr    Load Addr    Size         Type   Attr      Idx    E Section Name        Object

    0x08000000   0x08000000   0x00000188   Data   RO            3    RESET               startup_stm32f40_41xxx.o
    0x08000188   0x08000188   0x00000000   Code   RO         8444  * .ARM.Collect$$$$00000000  mc_w.l(entry.o)
    0x08000188   0x08000188   0x00000004   Code   RO         8479    .ARM.Collect$$$$00000001  mc_w.l(entry2.o)
    0x0800018c   0x0800018c   0x00000004   Code   RO         8482    .ARM.Collect$$$$00000004  mc_w.l(entry5.o)
    0x08000190   0x08000190   0x00000000   Code   RO         8484    .ARM.Collect$$$$00000008  mc_w.l(entry7b.o)
    0x08000190   0x08000190   0x00000000   Code   RO         8486    .ARM.Collect$$$$0000000A  mc_w.l(entry8b.o)
    0x08000190   0x08000190   0x00000008   Code   RO         8487    .ARM.Collect$$$$0000000B  mc_w.l(entry9a.o)
    0x08000198   0x08000198   0x00000004   Code   RO         8494    .ARM.Collect$$$$0000000E  mc_w.l(entry12b.o)
    0x0800019c   0x0800019c   0x00000000   Code   RO         8489    .ARM.Collect$$$$0000000F  mc_w.l(entry10a.o)
    0x0800019c   0x0800019c   0x00000000   Code   RO         8491    .ARM.Collect$$$$00000011  mc_w.l(entry11a.o)
    0x0800019c   0x0800019c   0x00000004   Code   RO         8480    .ARM.Collect$$$$00002712  mc_w.l(entry2.o)
    0x080001a0   0x080001a0   0x00000024   Code   RO            4    .text               startup_stm32f40_41xxx.o
    0x080001c4   0x080001c4   0x00000062   Code   RO         8447    .text               mc_w.l(ldiv.o)
    0x08000226   0x08000226   0x00000062   Code   RO         8495    .text               mc_w.l(uldiv.o)
    0x08000288   0x08000288   0x00000024   Code   RO         8503    .text               mc_w.l(init.o)
    0x080002ac   0x080002ac   0x0000001e   Code   RO         8505    .text               mc_w.l(llshl.o)
    0x080002ca   0x080002ca   0x00000020   Code   RO         8507    .text               mc_w.l(llushr.o)
    0x080002ea   0x080002ea   0x00000004   Code   RO         5197    i.BusFault_Handler  stm32f4xx_it.o
    0x080002ee   0x080002ee   0x00000002   Code   RO         5198    i.DebugMon_Handler  stm32f4xx_it.o
    0x080002f0   0x080002f0   0x00000090   Code   RO         1993    i.GPIO_Init         stm32f4xx_gpio.o
    0x08000380   0x08000380   0x00000046   Code   RO         1994    i.GPIO_PinAFConfig  stm32f4xx_gpio.o
    0x080003c6   0x080003c6   0x00000004   Code   RO         5199    i.HardFault_Handler  stm32f4xx_it.o
    0x080003ca   0x080003ca   0x00000002   PAD
    0x080003cc   0x080003cc   0x00000090   Code   RO         5429    i.I2C1_Init         iic1.o
    0x0800045c   0x0800045c   0x0000005c   Code   RO         5431    i.I2C1_SendData     iic1.o
    0x080004b8   0x080004b8   0x00000034   Code   RO         5432    i.I2C1_Start        iic1.o
    0x080004ec   0x080004ec   0x00000024   Code   RO         5433    i.I2C1_Stop         iic1.o
    0x08000510   0x08000510   0x0000003e   Code   RO         2284    i.I2C_CheckEvent    stm32f4xx_i2c.o
    0x0800054e   0x0800054e   0x00000018   Code   RO         2287    i.I2C_Cmd           stm32f4xx_i2c.o
    0x08000566   0x08000566   0x00000018   Code   RO         2295    i.I2C_GenerateSTART  stm32f4xx_i2c.o
    0x0800057e   0x0800057e   0x00000018   Code   RO         2296    i.I2C_GenerateSTOP  stm32f4xx_i2c.o
    0x08000596   0x08000596   0x0000003a   Code   RO         2297    i.I2C_GetFlagStatus  stm32f4xx_i2c.o
    0x080005d0   0x080005d0   0x000000e8   Code   RO         2302    i.I2C_Init          stm32f4xx_i2c.o
    0x080006b8   0x080006b8   0x00000010   Code   RO         2309    i.I2C_Send7bitAddress  stm32f4xx_i2c.o
    0x080006c8   0x080006c8   0x00000004   Code   RO         2310    i.I2C_SendData      stm32f4xx_i2c.o
    0x080006cc   0x080006cc   0x00000004   Code   RO         5200    i.MemManage_Handler  stm32f4xx_it.o
    0x080006d0   0x080006d0   0x00000002   Code   RO         5201    i.NMI_Handler       stm32f4xx_it.o
    0x080006d2   0x080006d2   0x00000002   PAD
    0x080006d4   0x080006d4   0x00000078   Code   RO           13    i.NVIC_Init         misc.o
    0x0800074c   0x0800074c   0x0000002a   Code   RO         5321    i.OLED_Clear        oled.o
    0x08000776   0x08000776   0x00000008   Code   RO         5322    i.OLED_I2C_Init     oled.o
    0x0800077e   0x0800077e   0x000000ae   Code   RO         5323    i.OLED_Init         oled.o
    0x0800082c   0x0800082c   0x00000014   Code   RO         5324    i.OLED_Pow          oled.o
    0x08000840   0x08000840   0x00000022   Code   RO         5325    i.OLED_SetCursor    oled.o
    0x08000862   0x08000862   0x00000002   PAD
    0x08000864   0x08000864   0x00000074   Code   RO         5327    i.OLED_ShowChar     oled.o
    0x080008d8   0x080008d8   0x000000ca   Code   RO         5329    i.OLED_ShowNum      oled.o
    0x080009a2   0x080009a2   0x00000018   Code   RO         5332    i.OLED_WriteCommand  oled.o
    0x080009ba   0x080009ba   0x00000002   PAD
    0x080009bc   0x080009bc   0x00000020   Code   RO         5333    i.OLED_WriteData    oled.o
    0x080009dc   0x080009dc   0x000000bc   Code   RO         5123    i.OLED_display_time  main.o
    0x08000a98   0x08000a98   0x00000002   Code   RO         5202    i.PendSV_Handler    stm32f4xx_it.o
    0x08000a9a   0x08000a9a   0x00000002   PAD
    0x08000a9c   0x08000a9c   0x00000020   Code   RO         2919    i.RCC_AHB1PeriphClockCmd  stm32f4xx_rcc.o
    0x08000abc   0x08000abc   0x00000020   Code   RO         2928    i.RCC_APB1PeriphClockCmd  stm32f4xx_rcc.o
    0x08000adc   0x08000adc   0x000000e8   Code   RO         2940    i.RCC_GetClocksFreq  stm32f4xx_rcc.o
    0x08000bc4   0x08000bc4   0x00000002   Code   RO         5203    i.SVC_Handler       stm32f4xx_it.o
    0x08000bc6   0x08000bc6   0x00000002   PAD
    0x08000bc8   0x08000bc8   0x000000ec   Code   RO         5280    i.SetSysClock       system_stm32f4xx.o
    0x08000cb4   0x08000cb4   0x00000008   Code   RO         5204    i.SysTick_Handler   stm32f4xx_it.o
    0x08000cbc   0x08000cbc   0x00000068   Code   RO         5282    i.SystemInit        system_stm32f4xx.o
    0x08000d24   0x08000d24   0x0000002c   Code   RO         5618    i.TIM3_IRQHandler   tim.o
    0x08000d50   0x08000d50   0x00000068   Code   RO         5619    i.TIM3_Init         tim.o
    0x08000db8   0x08000db8   0x00000006   Code   RO         4310    i.TIM_ClearITPendingBit  stm32f4xx_tim.o
    0x08000dbe   0x08000dbe   0x00000018   Code   RO         4315    i.TIM_Cmd           stm32f4xx_tim.o
    0x08000dd6   0x08000dd6   0x00000022   Code   RO         4336    i.TIM_GetITStatus   stm32f4xx_tim.o
    0x08000df8   0x08000df8   0x00000012   Code   RO         4340    i.TIM_ITConfig      stm32f4xx_tim.o
    0x08000e0a   0x08000e0a   0x00000002   PAD
    0x08000e0c   0x08000e0c   0x00000084   Code   RO         4387    i.TIM_TimeBaseInit  stm32f4xx_tim.o
    0x08000e90   0x08000e90   0x00000050   Code   RO         5124    i.Time_calculation  main.o
    0x08000ee0   0x08000ee0   0x00000018   Code   RO         5205    i.TimingDelay_Decrement  stm32f4xx_it.o
    0x08000ef8   0x08000ef8   0x00000004   Code   RO         5206    i.UsageFault_Handler  stm32f4xx_it.o
    0x08000efc   0x08000efc   0x0000000e   Code   RO         8511    i.__scatterload_copy  mc_w.l(handlers.o)
    0x08000f0a   0x08000f0a   0x00000002   Code   RO         8512    i.__scatterload_null  mc_w.l(handlers.o)
    0x08000f0c   0x08000f0c   0x0000000e   Code   RO         8513    i.__scatterload_zeroinit  mc_w.l(handlers.o)
    0x08000f1a   0x08000f1a   0x0000001c   Code   RO         5125    i.main              main.o
    0x08000f36   0x08000f36   0x000005f0   Data   RO         5334    .constdata          oled.o
    0x08001526   0x08001526   0x00000002   PAD
    0x08001528   0x08001528   0x00000020   Data   RO         8509    Region$$Table       anon$$obj.o


    Execution Region RW_IRAM1 (Exec base: 0x20000000, Load base: 0x08001548, Size: 0x00000420, Max: 0x00020000, ABSOLUTE)

    Exec Addr    Load Addr    Size         Type   Attr      Idx    E Section Name        Object

    0x20000000   0x08001548   0x00000010   Data   RW         2972    .data               stm32f4xx_rcc.o
    0x20000010   0x08001558   0x0000000c   Data   RW         5126    .data               main.o
    0x2000001c   0x08001564   0x00000004   Data   RW         5207    .data               stm32f4xx_it.o
    0x20000020        -       0x00000400   Zero   RW            1    STACK               startup_stm32f40_41xxx.o


==============================================================================

Image component sizes


      Code (inc. data)   RO Data    RW Data    ZI Data      Debug   Object Name

       324         42          0          0          0       2473   iic1.o
       296         26          0         12          0       1630   main.o
       120         14          0          0          0     293864   misc.o
       652         12       1520          0          0       5438   oled.o
        36          8        392          0       1024        832   startup_stm32f40_41xxx.o
       214          0          0          0          0       1751   stm32f4xx_gpio.o
       444         14          0          0          0       5378   stm32f4xx_i2c.o
        56          6          0          4          0       4810   stm32f4xx_it.o
       296         30          0         16          0       3962   stm32f4xx_rcc.o
       214         28          0          0          0       3514   stm32f4xx_tim.o
       340         32          0          0          0       1525   system_stm32f4xx.o
       148         16          0          0          0       1508   tim.o

    ----------------------------------------------------------------------
      3154        228       1946         32       1024     326685   Object Totals
         0          0         32          0          0          0   (incl. Generated)
        14          0          2          0          0          0   (incl. Padding)

    ----------------------------------------------------------------------

      Code (inc. data)   RO Data    RW Data    ZI Data      Debug   Library Member Name

         0          0          0          0          0          0   entry.o
         0          0          0          0          0          0   entry10a.o
         0          0          0          0          0          0   entry11a.o
         4          0          0          0          0          0   entry12b.o
         8          4          0          0          0          0   entry2.o
         4          0          0          0          0          0   entry5.o
         0          0          0          0          0          0   entry7b.o
         0          0          0          0          0          0   entry8b.o
         8          4          0          0          0          0   entry9a.o
        30          0          0          0          0          0   handlers.o
        36          8          0          0          0         68   init.o
        98          0          0          0          0         84   ldiv.o
        30          0          0          0          0         68   llshl.o
        32          0          0          0          0         68   llushr.o
        98          0          0          0          0         92   uldiv.o

    ----------------------------------------------------------------------
       348         16          0          0          0        380   Library Totals
         0          0          0          0          0          0   (incl. Padding)

    ----------------------------------------------------------------------

      Code (inc. data)   RO Data    RW Data    ZI Data      Debug   Library Name

       348         16          0          0          0        380   mc_w.l

    ----------------------------------------------------------------------
       348         16          0          0          0        380   Library Totals

    ----------------------------------------------------------------------

==============================================================================


      Code (inc. data)   RO Data    RW Data    ZI Data      Debug   

      3502        244       1946         32       1024     322765   Grand Totals
      3502        244       1946         32       1024     322765   ELF Image Totals
      3502        244       1946         32          0          0   ROM Totals

==============================================================================

    Total RO  Size (Code + RO Data)                 5448 (   5.32kB)
    Total RW  Size (RW Data + ZI Data)              1056 (   1.03kB)
    Total ROM Size (Code + RO Data + RW Data)       5480 (   5.35kB)

==============================================================================

